Copyright 1986-2022 Xilinx, Inc. All Rights Reserved. Copyright 2022-2026 Advanced Micro Devices, Inc. All Rights Reserved.
---------------------------------------------------------------------------------------------------------------------------------------------
| Tool Version : Vivado v.2025.2.1 (lin64) Build 6403652 Thu Mar 19 13:47:00 MDT 2026
| Date         : Wed Sep 23 17:27:39 2026
| Host         : gaphs23.portoalegre.pucrsnet.br running 64-bit Rocky Linux release 8.10 (Green Obsidian)
| Command      : report_timing_summary -file /home/bruno.elkfury/Documents/RS5_para_push/RS5/proto/RS5_SUME/reports/timing_summary.rpt
| Design       : RS5_FPGA_Platform
| Device       : 7vx690t-ffg1761
| Speed File   : -3  PRODUCTION 1.11 2014-09-11
| Design State : Routed
---------------------------------------------------------------------------------------------------------------------------------------------

Timing Summary Report

------------------------------------------------------------------------------------------------
| Timer Settings
| --------------
------------------------------------------------------------------------------------------------

  Enable Multi Corner Analysis               :  Yes
  Enable Pessimism Removal                   :  Yes
  Pessimism Removal Resolution               :  Nearest Common Node
  Enable Input Delay Default Clock           :  No
  Enable Preset / Clear Arcs                 :  No
  Disable Flight Delays                      :  No
  Ignore I/O Paths                           :  No
  Timing Early Launch at Borrowing Latches   :  No
  Borrow Time for Max Delay Exceptions       :  Yes
  Merge Timing Exceptions                    :  Yes
  Inter-SLR Compensation                     :  Conservative

  Corner  Analyze    Analyze    
  Name    Max Paths  Min Paths  
  ------  ---------  ---------  
  Slow    Yes        Yes        
  Fast    Yes        Yes        


------------------------------------------------------------------------------------------------
| Report Methodology
| ------------------
------------------------------------------------------------------------------------------------

Rule       Severity          Description                                                       Violations  
---------  ----------------  ----------------------------------------------------------------  ----------  
TIMING-6   Critical Warning  No common primary clock between related clocks                    2           
DPIR-1     Warning           Asynchronous driver check                                         96          
TIMING-18  Warning           Missing input or output delay                                     4           
TIMING-56  Warning           Missing logically or physically excluded clock groups constraint  2           

Note: This report is based on the most recent report_methodology run and may not be up-to-date. Run report_methodology on the current design for the latest report.



check_timing report

Table of Contents
-----------------
1. checking no_clock (0)
2. checking constant_clock (0)
3. checking pulse_width_clock (0)
4. checking unconstrained_internal_endpoints (0)
5. checking no_input_delay (3)
6. checking no_output_delay (1)
7. checking multiple_clock (2215)
8. checking generated_clocks (0)
9. checking loops (0)
10. checking partial_input_delay (0)
11. checking partial_output_delay (0)
12. checking latch_loops (0)

1. checking no_clock (0)
------------------------
 There are 0 register/latch pins with no clock.


2. checking constant_clock (0)
------------------------------
 There are 0 register/latch pins with constant_clock.


3. checking pulse_width_clock (0)
---------------------------------
 There are 0 register/latch pins which need pulse_width check


4. checking unconstrained_internal_endpoints (0)
------------------------------------------------
 There are 0 pins that are not constrained for maximum delay.

 There are 0 pins that are not constrained for maximum delay due to constant clock.


5. checking no_input_delay (3)
------------------------------
 There are 3 input ports with no input delay specified. (HIGH)

 There are 0 input ports with no input delay but user has a false path constraint.


6. checking no_output_delay (1)
-------------------------------
 There is 1 port with no output delay specified. (HIGH)

 There are 0 ports with no output delay but user has a false path constraint

 There are 0 ports with no output delay but with a timing clock defined on it or propagating through it


7. checking multiple_clock (2215)
---------------------------------
 There are 2215 register/latch pins with multiple clocks. (HIGH)


8. checking generated_clocks (0)
--------------------------------
 There are 0 generated clocks that are not connected to a clock source.


9. checking loops (0)
---------------------
 There are 0 combinational loops in the design.


10. checking partial_input_delay (0)
------------------------------------
 There are 0 input ports with partial input delay specified.


11. checking partial_output_delay (0)
-------------------------------------
 There are 0 ports with partial output delay specified.


12. checking latch_loops (0)
----------------------------
 There are 0 combinational latch loops in the design through latch input



------------------------------------------------------------------------------------------------
| Design Timing Summary
| ---------------------
------------------------------------------------------------------------------------------------

    WNS(ns)      TNS(ns)  TNS Failing Endpoints  TNS Total Endpoints      WHS(ns)      THS(ns)  THS Failing Endpoints  THS Total Endpoints     WPWS(ns)     TPWS(ns)  TPWS Failing Endpoints  TPWS Total Endpoints  
    -------      -------  ---------------------  -------------------      -------      -------  ---------------------  -------------------     --------     --------  ----------------------  --------------------  
      0.115        0.000                      0                 5176        0.051        0.000                      0                 5176        1.100        0.000                       0                  2222  


All user specified timing constraints are met.


------------------------------------------------------------------------------------------------
| Clock Summary
| -------------
------------------------------------------------------------------------------------------------

Clock                   Waveform(ns)         Period(ns)      Frequency(MHz)
-----                   ------------         ----------      --------------
clk_p                   {0.000 2.500}        5.000           200.000         
  clk_out1_clk_wiz_0    {0.000 2.500}        5.000           200.000         
  clkfbout_clk_wiz_0    {0.000 2.500}        5.000           200.000         
sys_clk_pin             {0.000 2.500}        5.000           200.000         
  clk_out1_clk_wiz_0_1  {0.000 2.500}        5.000           200.000         
  clkfbout_clk_wiz_0_1  {0.000 2.500}        5.000           200.000         


------------------------------------------------------------------------------------------------
| Intra Clock Table
| -----------------
------------------------------------------------------------------------------------------------

Clock                       WNS(ns)      TNS(ns)  TNS Failing Endpoints  TNS Total Endpoints      WHS(ns)      THS(ns)  THS Failing Endpoints  THS Total Endpoints     WPWS(ns)     TPWS(ns)  TPWS Failing Endpoints  TPWS Total Endpoints  
-----                       -------      -------  ---------------------  -------------------      -------      -------  ---------------------  -------------------     --------     --------  ----------------------  --------------------  
clk_p                                                                                                                                                                     1.100        0.000                       0                     2  
  clk_out1_clk_wiz_0          0.115        0.000                      0                 5176        0.112        0.000                      0                 5176        1.826        0.000                       0                  2217  
  clkfbout_clk_wiz_0                                                                                                                                                      3.651        0.000                       0                     3  
sys_clk_pin                                                                                                                                                               1.100        0.000                       0                     2  
  clk_out1_clk_wiz_0_1        0.116        0.000                      0                 5176        0.112        0.000                      0                 5176        1.826        0.000                       0                  2217  
  clkfbout_clk_wiz_0_1                                                                                                                                                    3.651        0.000                       0                     3  


------------------------------------------------------------------------------------------------
| Inter Clock Table
| -----------------
------------------------------------------------------------------------------------------------

From Clock            To Clock                  WNS(ns)      TNS(ns)  TNS Failing Endpoints  TNS Total Endpoints      WHS(ns)      THS(ns)  THS Failing Endpoints  THS Total Endpoints  
----------            --------                  -------      -------  ---------------------  -------------------      -------      -------  ---------------------  -------------------  
clk_out1_clk_wiz_0_1  clk_out1_clk_wiz_0          0.115        0.000                      0                 5176        0.051        0.000                      0                 5176  
clk_out1_clk_wiz_0    clk_out1_clk_wiz_0_1        0.115        0.000                      0                 5176        0.051        0.000                      0                 5176  


------------------------------------------------------------------------------------------------
| Other Path Groups Table
| -----------------------
------------------------------------------------------------------------------------------------

Path Group    From Clock    To Clock          WNS(ns)      TNS(ns)  TNS Failing Endpoints  TNS Total Endpoints      WHS(ns)      THS(ns)  THS Failing Endpoints  THS Total Endpoints  
----------    ----------    --------          -------      -------  ---------------------  -------------------      -------      -------  ---------------------  -------------------  


------------------------------------------------------------------------------------------------
| Timing Details
| --------------
------------------------------------------------------------------------------------------------


---------------------------------------------------------------------------------------------------
From Clock:  clk_p
  To Clock:  clk_p

Setup :           NA  Failing Endpoints,  Worst Slack           NA  ,  Total Violation           NA
Hold  :           NA  Failing Endpoints,  Worst Slack           NA  ,  Total Violation           NA
PW    :            0  Failing Endpoints,  Worst Slack        1.100ns,  Total Violation        0.000ns
---------------------------------------------------------------------------------------------------


Pulse Width Checks
--------------------------------------------------------------------------------------
Clock Name:         clk_p
Waveform(ns):       { 0.000 2.500 }
Period(ns):         5.000
Sources:            { clk_p }

Check Type        Corner  Lib Pin            Reference Pin  Required(ns)  Actual(ns)  Slack(ns)  Location         Pin
Min Period        n/a     BUFG/I             n/a            1.349         5.000       3.651      BUFGCTRL_X0Y16   instance_name/inst/clkin1_bufg1/I
Max Period        n/a     MMCME2_ADV/CLKIN1  n/a            100.000       5.000       95.000     MMCME2_ADV_X1Y0  instance_name/inst/mmcm_adv_inst/CLKIN1
Low Pulse Width   Slow    MMCME2_ADV/CLKIN1  n/a            1.400         2.500       1.100      MMCME2_ADV_X1Y0  instance_name/inst/mmcm_adv_inst/CLKIN1
High Pulse Width  Slow    MMCME2_ADV/CLKIN1  n/a            1.400         2.500       1.100      MMCME2_ADV_X1Y0  instance_name/inst/mmcm_adv_inst/CLKIN1



---------------------------------------------------------------------------------------------------
From Clock:  clk_out1_clk_wiz_0
  To Clock:  clk_out1_clk_wiz_0

Setup :            0  Failing Endpoints,  Worst Slack        0.115ns,  Total Violation        0.000ns
Hold  :            0  Failing Endpoints,  Worst Slack        0.112ns,  Total Violation        0.000ns
PW    :            0  Failing Endpoints,  Worst Slack        1.826ns,  Total Violation        0.000ns
---------------------------------------------------------------------------------------------------


Max Delay Paths
--------------------------------------------------------------------------------------
Slack (MET) :             0.115ns  (required time - arrival time)
  Source:                 RAM/U0/inst_blk_mem_gen/gnbram.gnative_mem_map_bmg.native_mem_map_blk_mem_gen/valid.cstr/ramloop[8].ram.r/prim_init.ram/DEVICE_7SERIES.WITH_BMM_INFO.TRUE_DP.SIMPLE_PRIM36.ram/CLKBWRCLK
                            (rising edge-triggered cell RAMB36E1 clocked by clk_out1_clk_wiz_0  {rise@0.000ns fall@2.500ns period=5.000ns})
  Destination:            dut/decoder1/rs2_data_o_reg[25]/D
                            (rising edge-triggered cell FDCE clocked by clk_out1_clk_wiz_0  {rise@0.000ns fall@2.500ns period=5.000ns})
  Path Group:             clk_out1_clk_wiz_0
  Path Type:              Setup (Max at Slow Process Corner)
  Requirement:            5.000ns  (clk_out1_clk_wiz_0 rise@5.000ns - clk_out1_clk_wiz_0 rise@0.000ns)
  Data Path Delay:        4.777ns  (logic 1.908ns (39.944%)  route 2.869ns (60.055%))
  Logic Levels:           8  (LUT3=1 LUT4=1 LUT5=3 LUT6=3)
  Clock Path Skew:        -0.079ns (DCD - SCD + CPR)
    Destination Clock Delay (DCD):    4.467ns = ( 9.467 - 5.000 ) 
    Source Clock Delay      (SCD):    4.911ns
    Clock Pessimism Removal (CPR):    0.365ns
  Clock Uncertainty:      0.060ns  ((TSJ^2 + DJ^2)^1/2) / 2 + PE
    Total System Jitter     (TSJ):    0.071ns
    Discrete Jitter          (DJ):    0.098ns
    Phase Error              (PE):    0.000ns

    Location             Delay type                Incr(ns)  Path(ns)    Netlist Resource(s)
  -------------------------------------------------------------------    -------------------
                         (clock clk_out1_clk_wiz_0 rise edge)
                                                      0.000     0.000 r  
    H19                                               0.000     0.000 r  clk_p (IN)
                         net (fo=0)                   0.000     0.000    instance_name/inst/clk_in1_p
    H19                  IBUFDS (Prop_ibufds_I_O)     0.855     0.855 r  instance_name/inst/clkin1_ibufgds/O
                         net (fo=1, routed)           2.165     3.020    instance_name/inst/clk_in1_clk_wiz_0_buf
    BUFGCTRL_X0Y16       BUFG (Prop_bufg_I_O)         0.080     3.100 r  instance_name/inst/clkin1_bufg1/O
                         net (fo=1, routed)           1.924     5.024    instance_name/inst/clk_in1_clk_wiz_0
    MMCME2_ADV_X1Y0      MMCME2_ADV (Prop_mmcme2_adv_CLKIN1_CLKOUT0)
                                                     -4.594     0.430 r  instance_name/inst/mmcm_adv_inst/CLKOUT0
                         net (fo=1, routed)           2.592     3.022    instance_name/inst/clk_out1_clk_wiz_0
    BUFGCTRL_X0Y0        BUFG (Prop_bufg_I_O)         0.080     3.102 r  instance_name/inst/clkout1_buf/O
                         net (fo=2215, routed)        1.809     4.911    RAM/U0/inst_blk_mem_gen/gnbram.gnative_mem_map_bmg.native_mem_map_blk_mem_gen/valid.cstr/ramloop[8].ram.r/prim_init.ram/clkb
    RAMB36_X8Y0          RAMB36E1                                     r  RAM/U0/inst_blk_mem_gen/gnbram.gnative_mem_map_bmg.native_mem_map_blk_mem_gen/valid.cstr/ramloop[8].ram.r/prim_init.ram/DEVICE_7SERIES.WITH_BMM_INFO.TRUE_DP.SIMPLE_PRIM36.ram/CLKBWRCLK
  -------------------------------------------------------------------    -------------------
    RAMB36_X8Y0          RAMB36E1 (Prop_ramb36e1_CLKBWRCLK_DOBDO[7])
                                                      1.564     6.475 r  RAM/U0/inst_blk_mem_gen/gnbram.gnative_mem_map_bmg.native_mem_map_blk_mem_gen/valid.cstr/ramloop[8].ram.r/prim_init.ram/DEVICE_7SERIES.WITH_BMM_INFO.TRUE_DP.SIMPLE_PRIM36.ram/DOBDO[7]
                         net (fo=1, routed)           0.974     7.449    RAM/U0/inst_blk_mem_gen/gnbram.gnative_mem_map_bmg.native_mem_map_blk_mem_gen/valid.cstr/has_mux_b.B/gen_zalrsc_on.reservation_data_o_reg[23]_2[7]
    SLICE_X143Y26        LUT6 (Prop_lut6_I5_O)        0.043     7.492 r  RAM/U0/inst_blk_mem_gen/gnbram.gnative_mem_map_bmg.native_mem_map_blk_mem_gen/valid.cstr/has_mux_b.B/doutb[23]_INST_0/O
                         net (fo=2, routed)           0.193     7.685    rtc/doutb[20]
    SLICE_X144Y27        LUT5 (Prop_lut5_I3_O)        0.043     7.728 r  rtc/RegFileFPGA_blk.RegBankA_i_43/O
                         net (fo=5, routed)           0.323     8.051    rtc/cpu_data_in[23]
    SLICE_X144Y27        LUT6 (Prop_lut6_I0_O)        0.043     8.094 r  rtc/RegFileFPGA_blk.RegBankA_i_83/O
                         net (fo=2, routed)           0.181     8.275    dut/mem_access1/byte_data[0]
    SLICE_X143Y28        LUT5 (Prop_lut5_I4_O)        0.043     8.318 r  dut/mem_access1/RegFileFPGA_blk.RegBankA_i_52/O
                         net (fo=9, routed)           0.100     8.418    dut/mem_access1/RegFileFPGA_blk.RegBankA_i_52_n_0
    SLICE_X143Y28        LUT4 (Prop_lut4_I3_O)        0.043     8.461 r  dut/mem_access1/RegFileFPGA_blk.RegBankA_i_33/O
                         net (fo=16, routed)          0.210     8.671    dut/mem_access1/RegFileFPGA_blk.RegBankA_i_33_n_0
    SLICE_X142Y28        LUT6 (Prop_lut6_I0_O)        0.043     8.714 r  dut/mem_access1/RegFileFPGA_blk.RegBankA_i_7/O
                         net (fo=4, routed)           0.349     9.063    dut/execute1/d[25]
    SLICE_X144Y31        LUT5 (Prop_lut5_I2_O)        0.043     9.106 r  dut/execute1/rs2_data_o[25]_i_2/O
                         net (fo=2, routed)           0.538     9.645    dut/decoder1/rs2_data_o_reg[25]_0
    SLICE_X135Y29        LUT3 (Prop_lut3_I2_O)        0.043     9.688 r  dut/decoder1/rs2_data_o[25]_i_1/O
                         net (fo=1, routed)           0.000     9.688    dut/decoder1/rs2_data_o[25]_i_1_n_0
    SLICE_X135Y29        FDCE                                         r  dut/decoder1/rs2_data_o_reg[25]/D
  -------------------------------------------------------------------    -------------------

                         (clock clk_out1_clk_wiz_0 rise edge)
                                                      5.000     5.000 r  
    H19                                               0.000     5.000 r  clk_p (IN)
                         net (fo=0)                   0.000     5.000    instance_name/inst/clk_in1_p
    H19                  IBUFDS (Prop_ibufds_I_O)     0.746     5.746 r  instance_name/inst/clkin1_ibufgds/O
                         net (fo=1, routed)           2.008     7.754    instance_name/inst/clk_in1_clk_wiz_0_buf
    BUFGCTRL_X0Y16       BUFG (Prop_bufg_I_O)         0.072     7.826 r  instance_name/inst/clkin1_bufg1/O
                         net (fo=1, routed)           1.779     9.605    instance_name/inst/clk_in1_clk_wiz_0
    MMCME2_ADV_X1Y0      MMCME2_ADV (Prop_mmcme2_adv_CLKIN1_CLKOUT0)
                                                     -4.341     5.264 r  instance_name/inst/mmcm_adv_inst/CLKOUT0
                         net (fo=1, routed)           2.492     7.756    instance_name/inst/clk_out1_clk_wiz_0
    BUFGCTRL_X0Y0        BUFG (Prop_bufg_I_O)         0.072     7.828 r  instance_name/inst/clkout1_buf/O
                         net (fo=2215, routed)        1.639     9.467    dut/decoder1/clk_out1
    SLICE_X135Y29        FDCE                                         r  dut/decoder1/rs2_data_o_reg[25]/C
                         clock pessimism              0.365     9.832    
                         clock uncertainty           -0.060     9.772    
    SLICE_X135Y29        FDCE (Setup_fdce_C_D)        0.031     9.803    dut/decoder1/rs2_data_o_reg[25]
  -------------------------------------------------------------------
                         required time                          9.803    
                         arrival time                          -9.688    
  -------------------------------------------------------------------
                         slack                                  0.115    





Min Delay Paths
--------------------------------------------------------------------------------------
Slack (MET) :             0.112ns  (arrival time - required time)
  Source:                 dut/execute1/gen_atomic_on.gen_zalrsc_on.reservation_addr_reg[7]/C
                            (rising edge-triggered cell FDCE clocked by clk_out1_clk_wiz_0  {rise@0.000ns fall@2.500ns period=5.000ns})
  Destination:            dut/execute1/gen_atomic_on.gen_zalrsc_on.lrsc_m/cmp_opB_o_reg[7]/D
                            (rising edge-triggered cell FDCE clocked by clk_out1_clk_wiz_0  {rise@0.000ns fall@2.500ns period=5.000ns})
  Path Group:             clk_out1_clk_wiz_0
  Path Type:              Hold (Min at Fast Process Corner)
  Requirement:            0.000ns  (clk_out1_clk_wiz_0 rise@0.000ns - clk_out1_clk_wiz_0 rise@0.000ns)
  Data Path Delay:        0.210ns  (logic 0.128ns (60.959%)  route 0.082ns (39.041%))
  Logic Levels:           1  (LUT4=1)
  Clock Path Skew:        0.011ns (DCD - SCD - CPR)
    Destination Clock Delay (DCD):    2.938ns
    Source Clock Delay      (SCD):    2.494ns
    Clock Pessimism Removal (CPR):    0.433ns

    Location             Delay type                Incr(ns)  Path(ns)    Netlist Resource(s)
  -------------------------------------------------------------------    -------------------
                         (clock clk_out1_clk_wiz_0 rise edge)
                                                      0.000     0.000 r  
    H19                                               0.000     0.000 r  clk_p (IN)
                         net (fo=0)                   0.000     0.000    instance_name/inst/clk_in1_p
    H19                  IBUFDS (Prop_ibufds_I_O)     0.380     0.380 r  instance_name/inst/clkin1_ibufgds/O
                         net (fo=1, routed)           1.304     1.684    instance_name/inst/clk_in1_clk_wiz_0_buf
    BUFGCTRL_X0Y16       BUFG (Prop_bufg_I_O)         0.026     1.710 r  instance_name/inst/clkin1_bufg1/O
                         net (fo=1, routed)           0.819     2.529    instance_name/inst/clk_in1_clk_wiz_0
    MMCME2_ADV_X1Y0      MMCME2_ADV (Prop_mmcme2_adv_CLKIN1_CLKOUT0)
                                                     -2.161     0.368 r  instance_name/inst/mmcm_adv_inst/CLKOUT0
                         net (fo=1, routed)           1.318     1.686    instance_name/inst/clk_out1_clk_wiz_0
    BUFGCTRL_X0Y0        BUFG (Prop_bufg_I_O)         0.026     1.712 r  instance_name/inst/clkout1_buf/O
                         net (fo=2215, routed)        0.782     2.494    dut/execute1/clk_out1
    SLICE_X141Y21        FDCE                                         r  dut/execute1/gen_atomic_on.gen_zalrsc_on.reservation_addr_reg[7]/C
  -------------------------------------------------------------------    -------------------
    SLICE_X141Y21        FDCE (Prop_fdce_C_Q)         0.100     2.594 r  dut/execute1/gen_atomic_on.gen_zalrsc_on.reservation_addr_reg[7]/Q
                         net (fo=1, routed)           0.082     2.676    dut/execute1/gen_atomic_on.gen_zalrsc_on.lrsc_m/cmp_opB_o_reg[31]_0[7]
    SLICE_X140Y21        LUT4 (Prop_lut4_I0_O)        0.028     2.704 r  dut/execute1/gen_atomic_on.gen_zalrsc_on.lrsc_m/cmp_opB_o[7]_i_1/O
                         net (fo=1, routed)           0.000     2.704    dut/execute1/gen_atomic_on.gen_zalrsc_on.lrsc_m/cmp_opB_o[7]_i_1_n_0
    SLICE_X140Y21        FDCE                                         r  dut/execute1/gen_atomic_on.gen_zalrsc_on.lrsc_m/cmp_opB_o_reg[7]/D
  -------------------------------------------------------------------    -------------------

                         (clock clk_out1_clk_wiz_0 rise edge)
                                                      0.000     0.000 r  
    H19                                               0.000     0.000 r  clk_p (IN)
                         net (fo=0)                   0.000     0.000    instance_name/inst/clk_in1_p
    H19                  IBUFDS (Prop_ibufds_I_O)     0.461     0.461 r  instance_name/inst/clkin1_ibufgds/O
                         net (fo=1, routed)           1.382     1.843    instance_name/inst/clk_in1_clk_wiz_0_buf
    BUFGCTRL_X0Y16       BUFG (Prop_bufg_I_O)         0.030     1.873 r  instance_name/inst/clkin1_bufg1/O
                         net (fo=1, routed)           1.111     2.984    instance_name/inst/clk_in1_clk_wiz_0
    MMCME2_ADV_X1Y0      MMCME2_ADV (Prop_mmcme2_adv_CLKIN1_CLKOUT0)
                                                     -2.530     0.454 r  instance_name/inst/mmcm_adv_inst/CLKOUT0
                         net (fo=1, routed)           1.391     1.845    instance_name/inst/clk_out1_clk_wiz_0
    BUFGCTRL_X0Y0        BUFG (Prop_bufg_I_O)         0.030     1.875 r  instance_name/inst/clkout1_buf/O
                         net (fo=2215, routed)        1.063     2.938    dut/execute1/gen_atomic_on.gen_zalrsc_on.lrsc_m/clk_out1
    SLICE_X140Y21        FDCE                                         r  dut/execute1/gen_atomic_on.gen_zalrsc_on.lrsc_m/cmp_opB_o_reg[7]/C
                         clock pessimism             -0.433     2.505    
    SLICE_X140Y21        FDCE (Hold_fdce_C_D)         0.087     2.592    dut/execute1/gen_atomic_on.gen_zalrsc_on.lrsc_m/cmp_opB_o_reg[7]
  -------------------------------------------------------------------
                         required time                         -2.592    
                         arrival time                           2.704    
  -------------------------------------------------------------------
                         slack                                  0.112    





Pulse Width Checks
--------------------------------------------------------------------------------------
Clock Name:         clk_out1_clk_wiz_0
Waveform(ns):       { 0.000 2.500 }
Period(ns):         5.000
Sources:            { instance_name/inst/mmcm_adv_inst/CLKOUT0 }

Check Type        Corner  Lib Pin             Reference Pin  Required(ns)  Actual(ns)  Slack(ns)  Location         Pin
Min Period        n/a     RAMB36E1/CLKARDCLK  n/a            1.663         5.000       3.337      RAMB36_X8Y8      RAM/U0/inst_blk_mem_gen/gnbram.gnative_mem_map_bmg.native_mem_map_blk_mem_gen/valid.cstr/ramloop[0].ram.r/prim_init.ram/DEVICE_7SERIES.WITH_BMM_INFO.TRUE_DP.SIMPLE_PRIM36.ram/CLKARDCLK
Max Period        n/a     MMCME2_ADV/CLKOUT0  n/a            213.360       5.000       208.360    MMCME2_ADV_X1Y0  instance_name/inst/mmcm_adv_inst/CLKOUT0
Low Pulse Width   Slow    RAMD64E/CLK         n/a            0.674         2.500       1.826      SLICE_X136Y74    RS5_FPGA_Platform/Peripherals/FIFO_BUFFER_UART/<hidden>/<hidden>/<hidden>/<hidden>/<hidden>/<hidden>/<hidden>
High Pulse Width  Slow    RAMD64E/CLK         n/a            0.674         2.500       1.826      SLICE_X136Y74    RS5_FPGA_Platform/Peripherals/FIFO_BUFFER_UART/<hidden>/<hidden>/<hidden>/<hidden>/<hidden>/<hidden>/<hidden>



---------------------------------------------------------------------------------------------------
From Clock:  clkfbout_clk_wiz_0
  To Clock:  clkfbout_clk_wiz_0

Setup :           NA  Failing Endpoints,  Worst Slack           NA  ,  Total Violation           NA
Hold  :           NA  Failing Endpoints,  Worst Slack           NA  ,  Total Violation           NA
PW    :            0  Failing Endpoints,  Worst Slack        3.651ns,  Total Violation        0.000ns
---------------------------------------------------------------------------------------------------


Pulse Width Checks
--------------------------------------------------------------------------------------
Clock Name:         clkfbout_clk_wiz_0
Waveform(ns):       { 0.000 2.500 }
Period(ns):         5.000
Sources:            { instance_name/inst/mmcm_adv_inst/CLKFBOUT }

Check Type  Corner  Lib Pin             Reference Pin  Required(ns)  Actual(ns)  Slack(ns)  Location         Pin
Min Period  n/a     BUFG/I              n/a            1.349         5.000       3.651      BUFGCTRL_X0Y1    instance_name/inst/clkf_buf/I
Max Period  n/a     MMCME2_ADV/CLKFBIN  n/a            100.000       5.000       95.000     MMCME2_ADV_X1Y0  instance_name/inst/mmcm_adv_inst/CLKFBIN



---------------------------------------------------------------------------------------------------
From Clock:  sys_clk_pin
  To Clock:  sys_clk_pin

Setup :           NA  Failing Endpoints,  Worst Slack           NA  ,  Total Violation           NA
Hold  :           NA  Failing Endpoints,  Worst Slack           NA  ,  Total Violation           NA
PW    :            0  Failing Endpoints,  Worst Slack        1.100ns,  Total Violation        0.000ns
---------------------------------------------------------------------------------------------------


Pulse Width Checks
--------------------------------------------------------------------------------------
Clock Name:         sys_clk_pin
Waveform(ns):       { 0.000 2.500 }
Period(ns):         5.000
Sources:            { clk_p }

Check Type        Corner  Lib Pin            Reference Pin  Required(ns)  Actual(ns)  Slack(ns)  Location         Pin
Min Period        n/a     BUFG/I             n/a            1.349         5.000       3.651      BUFGCTRL_X0Y16   instance_name/inst/clkin1_bufg1/I
Max Period        n/a     MMCME2_ADV/CLKIN1  n/a            100.000       5.000       95.000     MMCME2_ADV_X1Y0  instance_name/inst/mmcm_adv_inst/CLKIN1
Low Pulse Width   Slow    MMCME2_ADV/CLKIN1  n/a            1.400         2.500       1.100      MMCME2_ADV_X1Y0  instance_name/inst/mmcm_adv_inst/CLKIN1
High Pulse Width  Slow    MMCME2_ADV/CLKIN1  n/a            1.400         2.500       1.100      MMCME2_ADV_X1Y0  instance_name/inst/mmcm_adv_inst/CLKIN1



---------------------------------------------------------------------------------------------------
From Clock:  clk_out1_clk_wiz_0_1
  To Clock:  clk_out1_clk_wiz_0_1

Setup :            0  Failing Endpoints,  Worst Slack        0.116ns,  Total Violation        0.000ns
Hold  :            0  Failing Endpoints,  Worst Slack        0.112ns,  Total Violation        0.000ns
PW    :            0  Failing Endpoints,  Worst Slack        1.826ns,  Total Violation        0.000ns
---------------------------------------------------------------------------------------------------


Max Delay Paths
--------------------------------------------------------------------------------------
Slack (MET) :             0.116ns  (required time - arrival time)
  Source:                 RAM/U0/inst_blk_mem_gen/gnbram.gnative_mem_map_bmg.native_mem_map_blk_mem_gen/valid.cstr/ramloop[8].ram.r/prim_init.ram/DEVICE_7SERIES.WITH_BMM_INFO.TRUE_DP.SIMPLE_PRIM36.ram/CLKBWRCLK
                            (rising edge-triggered cell RAMB36E1 clocked by clk_out1_clk_wiz_0_1  {rise@0.000ns fall@2.500ns period=5.000ns})
  Destination:            dut/decoder1/rs2_data_o_reg[25]/D
                            (rising edge-triggered cell FDCE clocked by clk_out1_clk_wiz_0_1  {rise@0.000ns fall@2.500ns period=5.000ns})
  Path Group:             clk_out1_clk_wiz_0_1
  Path Type:              Setup (Max at Slow Process Corner)
  Requirement:            5.000ns  (clk_out1_clk_wiz_0_1 rise@5.000ns - clk_out1_clk_wiz_0_1 rise@0.000ns)
  Data Path Delay:        4.777ns  (logic 1.908ns (39.944%)  route 2.869ns (60.055%))
  Logic Levels:           8  (LUT3=1 LUT4=1 LUT5=3 LUT6=3)
  Clock Path Skew:        -0.079ns (DCD - SCD + CPR)
    Destination Clock Delay (DCD):    4.467ns = ( 9.467 - 5.000 ) 
    Source Clock Delay      (SCD):    4.911ns
    Clock Pessimism Removal (CPR):    0.365ns
  Clock Uncertainty:      0.060ns  ((TSJ^2 + DJ^2)^1/2) / 2 + PE
    Total System Jitter     (TSJ):    0.071ns
    Discrete Jitter          (DJ):    0.098ns
    Phase Error              (PE):    0.000ns

    Location             Delay type                Incr(ns)  Path(ns)    Netlist Resource(s)
  -------------------------------------------------------------------    -------------------
                         (clock clk_out1_clk_wiz_0_1 rise edge)
                                                      0.000     0.000 r  
    H19                                               0.000     0.000 r  clk_p (IN)
                         net (fo=0)                   0.000     0.000    instance_name/inst/clk_in1_p
    H19                  IBUFDS (Prop_ibufds_I_O)     0.855     0.855 r  instance_name/inst/clkin1_ibufgds/O
                         net (fo=1, routed)           2.165     3.020    instance_name/inst/clk_in1_clk_wiz_0_buf
    BUFGCTRL_X0Y16       BUFG (Prop_bufg_I_O)         0.080     3.100 r  instance_name/inst/clkin1_bufg1/O
                         net (fo=1, routed)           1.924     5.024    instance_name/inst/clk_in1_clk_wiz_0
    MMCME2_ADV_X1Y0      MMCME2_ADV (Prop_mmcme2_adv_CLKIN1_CLKOUT0)
                                                     -4.594     0.430 r  instance_name/inst/mmcm_adv_inst/CLKOUT0
                         net (fo=1, routed)           2.592     3.022    instance_name/inst/clk_out1_clk_wiz_0
    BUFGCTRL_X0Y0        BUFG (Prop_bufg_I_O)         0.080     3.102 r  instance_name/inst/clkout1_buf/O
                         net (fo=2215, routed)        1.809     4.911    RAM/U0/inst_blk_mem_gen/gnbram.gnative_mem_map_bmg.native_mem_map_blk_mem_gen/valid.cstr/ramloop[8].ram.r/prim_init.ram/clkb
    RAMB36_X8Y0          RAMB36E1                                     r  RAM/U0/inst_blk_mem_gen/gnbram.gnative_mem_map_bmg.native_mem_map_blk_mem_gen/valid.cstr/ramloop[8].ram.r/prim_init.ram/DEVICE_7SERIES.WITH_BMM_INFO.TRUE_DP.SIMPLE_PRIM36.ram/CLKBWRCLK
  -------------------------------------------------------------------    -------------------
    RAMB36_X8Y0          RAMB36E1 (Prop_ramb36e1_CLKBWRCLK_DOBDO[7])
                                                      1.564     6.475 r  RAM/U0/inst_blk_mem_gen/gnbram.gnative_mem_map_bmg.native_mem_map_blk_mem_gen/valid.cstr/ramloop[8].ram.r/prim_init.ram/DEVICE_7SERIES.WITH_BMM_INFO.TRUE_DP.SIMPLE_PRIM36.ram/DOBDO[7]
                         net (fo=1, routed)           0.974     7.449    RAM/U0/inst_blk_mem_gen/gnbram.gnative_mem_map_bmg.native_mem_map_blk_mem_gen/valid.cstr/has_mux_b.B/gen_zalrsc_on.reservation_data_o_reg[23]_2[7]
    SLICE_X143Y26        LUT6 (Prop_lut6_I5_O)        0.043     7.492 r  RAM/U0/inst_blk_mem_gen/gnbram.gnative_mem_map_bmg.native_mem_map_blk_mem_gen/valid.cstr/has_mux_b.B/doutb[23]_INST_0/O
                         net (fo=2, routed)           0.193     7.685    rtc/doutb[20]
    SLICE_X144Y27        LUT5 (Prop_lut5_I3_O)        0.043     7.728 r  rtc/RegFileFPGA_blk.RegBankA_i_43/O
                         net (fo=5, routed)           0.323     8.051    rtc/cpu_data_in[23]
    SLICE_X144Y27        LUT6 (Prop_lut6_I0_O)        0.043     8.094 r  rtc/RegFileFPGA_blk.RegBankA_i_83/O
                         net (fo=2, routed)           0.181     8.275    dut/mem_access1/byte_data[0]
    SLICE_X143Y28        LUT5 (Prop_lut5_I4_O)        0.043     8.318 r  dut/mem_access1/RegFileFPGA_blk.RegBankA_i_52/O
                         net (fo=9, routed)           0.100     8.418    dut/mem_access1/RegFileFPGA_blk.RegBankA_i_52_n_0
    SLICE_X143Y28        LUT4 (Prop_lut4_I3_O)        0.043     8.461 r  dut/mem_access1/RegFileFPGA_blk.RegBankA_i_33/O
                         net (fo=16, routed)          0.210     8.671    dut/mem_access1/RegFileFPGA_blk.RegBankA_i_33_n_0
    SLICE_X142Y28        LUT6 (Prop_lut6_I0_O)        0.043     8.714 r  dut/mem_access1/RegFileFPGA_blk.RegBankA_i_7/O
                         net (fo=4, routed)           0.349     9.063    dut/execute1/d[25]
    SLICE_X144Y31        LUT5 (Prop_lut5_I2_O)        0.043     9.106 r  dut/execute1/rs2_data_o[25]_i_2/O
                         net (fo=2, routed)           0.538     9.645    dut/decoder1/rs2_data_o_reg[25]_0
    SLICE_X135Y29        LUT3 (Prop_lut3_I2_O)        0.043     9.688 r  dut/decoder1/rs2_data_o[25]_i_1/O
                         net (fo=1, routed)           0.000     9.688    dut/decoder1/rs2_data_o[25]_i_1_n_0
    SLICE_X135Y29        FDCE                                         r  dut/decoder1/rs2_data_o_reg[25]/D
  -------------------------------------------------------------------    -------------------

                         (clock clk_out1_clk_wiz_0_1 rise edge)
                                                      5.000     5.000 r  
    H19                                               0.000     5.000 r  clk_p (IN)
                         net (fo=0)                   0.000     5.000    instance_name/inst/clk_in1_p
    H19                  IBUFDS (Prop_ibufds_I_O)     0.746     5.746 r  instance_name/inst/clkin1_ibufgds/O
                         net (fo=1, routed)           2.008     7.754    instance_name/inst/clk_in1_clk_wiz_0_buf
    BUFGCTRL_X0Y16       BUFG (Prop_bufg_I_O)         0.072     7.826 r  instance_name/inst/clkin1_bufg1/O
                         net (fo=1, routed)           1.779     9.605    instance_name/inst/clk_in1_clk_wiz_0
    MMCME2_ADV_X1Y0      MMCME2_ADV (Prop_mmcme2_adv_CLKIN1_CLKOUT0)
                                                     -4.341     5.264 r  instance_name/inst/mmcm_adv_inst/CLKOUT0
                         net (fo=1, routed)           2.492     7.756    instance_name/inst/clk_out1_clk_wiz_0
    BUFGCTRL_X0Y0        BUFG (Prop_bufg_I_O)         0.072     7.828 r  instance_name/inst/clkout1_buf/O
                         net (fo=2215, routed)        1.639     9.467    dut/decoder1/clk_out1
    SLICE_X135Y29        FDCE                                         r  dut/decoder1/rs2_data_o_reg[25]/C
                         clock pessimism              0.365     9.832    
                         clock uncertainty           -0.060     9.772    
    SLICE_X135Y29        FDCE (Setup_fdce_C_D)        0.031     9.803    dut/decoder1/rs2_data_o_reg[25]
  -------------------------------------------------------------------
                         required time                          9.803    
                         arrival time                          -9.688    
  -------------------------------------------------------------------
                         slack                                  0.116    





Min Delay Paths
--------------------------------------------------------------------------------------
Slack (MET) :             0.112ns  (arrival time - required time)
  Source:                 dut/execute1/gen_atomic_on.gen_zalrsc_on.reservation_addr_reg[7]/C
                            (rising edge-triggered cell FDCE clocked by clk_out1_clk_wiz_0_1  {rise@0.000ns fall@2.500ns period=5.000ns})
  Destination:            dut/execute1/gen_atomic_on.gen_zalrsc_on.lrsc_m/cmp_opB_o_reg[7]/D
                            (rising edge-triggered cell FDCE clocked by clk_out1_clk_wiz_0_1  {rise@0.000ns fall@2.500ns period=5.000ns})
  Path Group:             clk_out1_clk_wiz_0_1
  Path Type:              Hold (Min at Fast Process Corner)
  Requirement:            0.000ns  (clk_out1_clk_wiz_0_1 rise@0.000ns - clk_out1_clk_wiz_0_1 rise@0.000ns)
  Data Path Delay:        0.210ns  (logic 0.128ns (60.959%)  route 0.082ns (39.041%))
  Logic Levels:           1  (LUT4=1)
  Clock Path Skew:        0.011ns (DCD - SCD - CPR)
    Destination Clock Delay (DCD):    2.938ns
    Source Clock Delay      (SCD):    2.494ns
    Clock Pessimism Removal (CPR):    0.433ns

    Location             Delay type                Incr(ns)  Path(ns)    Netlist Resource(s)
  -------------------------------------------------------------------    -------------------
                         (clock clk_out1_clk_wiz_0_1 rise edge)
                                                      0.000     0.000 r  
    H19                                               0.000     0.000 r  clk_p (IN)
                         net (fo=0)                   0.000     0.000    instance_name/inst/clk_in1_p
    H19                  IBUFDS (Prop_ibufds_I_O)     0.380     0.380 r  instance_name/inst/clkin1_ibufgds/O
                         net (fo=1, routed)           1.304     1.684    instance_name/inst/clk_in1_clk_wiz_0_buf
    BUFGCTRL_X0Y16       BUFG (Prop_bufg_I_O)         0.026     1.710 r  instance_name/inst/clkin1_bufg1/O
                         net (fo=1, routed)           0.819     2.529    instance_name/inst/clk_in1_clk_wiz_0
    MMCME2_ADV_X1Y0      MMCME2_ADV (Prop_mmcme2_adv_CLKIN1_CLKOUT0)
                                                     -2.161     0.368 r  instance_name/inst/mmcm_adv_inst/CLKOUT0
                         net (fo=1, routed)           1.318     1.686    instance_name/inst/clk_out1_clk_wiz_0
    BUFGCTRL_X0Y0        BUFG (Prop_bufg_I_O)         0.026     1.712 r  instance_name/inst/clkout1_buf/O
                         net (fo=2215, routed)        0.782     2.494    dut/execute1/clk_out1
    SLICE_X141Y21        FDCE                                         r  dut/execute1/gen_atomic_on.gen_zalrsc_on.reservation_addr_reg[7]/C
  -------------------------------------------------------------------    -------------------
    SLICE_X141Y21        FDCE (Prop_fdce_C_Q)         0.100     2.594 r  dut/execute1/gen_atomic_on.gen_zalrsc_on.reservation_addr_reg[7]/Q
                         net (fo=1, routed)           0.082     2.676    dut/execute1/gen_atomic_on.gen_zalrsc_on.lrsc_m/cmp_opB_o_reg[31]_0[7]
    SLICE_X140Y21        LUT4 (Prop_lut4_I0_O)        0.028     2.704 r  dut/execute1/gen_atomic_on.gen_zalrsc_on.lrsc_m/cmp_opB_o[7]_i_1/O
                         net (fo=1, routed)           0.000     2.704    dut/execute1/gen_atomic_on.gen_zalrsc_on.lrsc_m/cmp_opB_o[7]_i_1_n_0
    SLICE_X140Y21        FDCE                                         r  dut/execute1/gen_atomic_on.gen_zalrsc_on.lrsc_m/cmp_opB_o_reg[7]/D
  -------------------------------------------------------------------    -------------------

                         (clock clk_out1_clk_wiz_0_1 rise edge)
                                                      0.000     0.000 r  
    H19                                               0.000     0.000 r  clk_p (IN)
                         net (fo=0)                   0.000     0.000    instance_name/inst/clk_in1_p
    H19                  IBUFDS (Prop_ibufds_I_O)     0.461     0.461 r  instance_name/inst/clkin1_ibufgds/O
                         net (fo=1, routed)           1.382     1.843    instance_name/inst/clk_in1_clk_wiz_0_buf
    BUFGCTRL_X0Y16       BUFG (Prop_bufg_I_O)         0.030     1.873 r  instance_name/inst/clkin1_bufg1/O
                         net (fo=1, routed)           1.111     2.984    instance_name/inst/clk_in1_clk_wiz_0
    MMCME2_ADV_X1Y0      MMCME2_ADV (Prop_mmcme2_adv_CLKIN1_CLKOUT0)
                                                     -2.530     0.454 r  instance_name/inst/mmcm_adv_inst/CLKOUT0
                         net (fo=1, routed)           1.391     1.845    instance_name/inst/clk_out1_clk_wiz_0
    BUFGCTRL_X0Y0        BUFG (Prop_bufg_I_O)         0.030     1.875 r  instance_name/inst/clkout1_buf/O
                         net (fo=2215, routed)        1.063     2.938    dut/execute1/gen_atomic_on.gen_zalrsc_on.lrsc_m/clk_out1
    SLICE_X140Y21        FDCE                                         r  dut/execute1/gen_atomic_on.gen_zalrsc_on.lrsc_m/cmp_opB_o_reg[7]/C
                         clock pessimism             -0.433     2.505    
    SLICE_X140Y21        FDCE (Hold_fdce_C_D)         0.087     2.592    dut/execute1/gen_atomic_on.gen_zalrsc_on.lrsc_m/cmp_opB_o_reg[7]
  -------------------------------------------------------------------
                         required time                         -2.592    
                         arrival time                           2.704    
  -------------------------------------------------------------------
                         slack                                  0.112    





Pulse Width Checks
--------------------------------------------------------------------------------------
Clock Name:         clk_out1_clk_wiz_0_1
Waveform(ns):       { 0.000 2.500 }
Period(ns):         5.000
Sources:            { instance_name/inst/mmcm_adv_inst/CLKOUT0 }

Check Type        Corner  Lib Pin             Reference Pin  Required(ns)  Actual(ns)  Slack(ns)  Location         Pin
Min Period        n/a     RAMB36E1/CLKARDCLK  n/a            1.663         5.000       3.337      RAMB36_X8Y8      RAM/U0/inst_blk_mem_gen/gnbram.gnative_mem_map_bmg.native_mem_map_blk_mem_gen/valid.cstr/ramloop[0].ram.r/prim_init.ram/DEVICE_7SERIES.WITH_BMM_INFO.TRUE_DP.SIMPLE_PRIM36.ram/CLKARDCLK
Max Period        n/a     MMCME2_ADV/CLKOUT0  n/a            213.360       5.000       208.360    MMCME2_ADV_X1Y0  instance_name/inst/mmcm_adv_inst/CLKOUT0
Low Pulse Width   Slow    RAMD64E/CLK         n/a            0.674         2.500       1.826      SLICE_X136Y74    RS5_FPGA_Platform/Peripherals/FIFO_BUFFER_UART/<hidden>/<hidden>/<hidden>/<hidden>/<hidden>/<hidden>/<hidden>
High Pulse Width  Slow    RAMD64E/CLK         n/a            0.674         2.500       1.826      SLICE_X136Y74    RS5_FPGA_Platform/Peripherals/FIFO_BUFFER_UART/<hidden>/<hidden>/<hidden>/<hidden>/<hidden>/<hidden>/<hidden>



---------------------------------------------------------------------------------------------------
From Clock:  clkfbout_clk_wiz_0_1
  To Clock:  clkfbout_clk_wiz_0_1

Setup :           NA  Failing Endpoints,  Worst Slack           NA  ,  Total Violation           NA
Hold  :           NA  Failing Endpoints,  Worst Slack           NA  ,  Total Violation           NA
PW    :            0  Failing Endpoints,  Worst Slack        3.651ns,  Total Violation        0.000ns
---------------------------------------------------------------------------------------------------


Pulse Width Checks
--------------------------------------------------------------------------------------
Clock Name:         clkfbout_clk_wiz_0_1
Waveform(ns):       { 0.000 2.500 }
Period(ns):         5.000
Sources:            { instance_name/inst/mmcm_adv_inst/CLKFBOUT }

Check Type  Corner  Lib Pin             Reference Pin  Required(ns)  Actual(ns)  Slack(ns)  Location         Pin
Min Period  n/a     BUFG/I              n/a            1.349         5.000       3.651      BUFGCTRL_X0Y1    instance_name/inst/clkf_buf/I
Max Period  n/a     MMCME2_ADV/CLKFBIN  n/a            100.000       5.000       95.000     MMCME2_ADV_X1Y0  instance_name/inst/mmcm_adv_inst/CLKFBIN



---------------------------------------------------------------------------------------------------
From Clock:  clk_out1_clk_wiz_0_1
  To Clock:  clk_out1_clk_wiz_0

Setup :            0  Failing Endpoints,  Worst Slack        0.115ns,  Total Violation        0.000ns
Hold  :            0  Failing Endpoints,  Worst Slack        0.051ns,  Total Violation        0.000ns
---------------------------------------------------------------------------------------------------


Max Delay Paths
--------------------------------------------------------------------------------------
Slack (MET) :             0.115ns  (required time - arrival time)
  Source:                 RAM/U0/inst_blk_mem_gen/gnbram.gnative_mem_map_bmg.native_mem_map_blk_mem_gen/valid.cstr/ramloop[8].ram.r/prim_init.ram/DEVICE_7SERIES.WITH_BMM_INFO.TRUE_DP.SIMPLE_PRIM36.ram/CLKBWRCLK
                            (rising edge-triggered cell RAMB36E1 clocked by clk_out1_clk_wiz_0_1  {rise@0.000ns fall@2.500ns period=5.000ns})
  Destination:            dut/decoder1/rs2_data_o_reg[25]/D
                            (rising edge-triggered cell FDCE clocked by clk_out1_clk_wiz_0  {rise@0.000ns fall@2.500ns period=5.000ns})
  Path Group:             clk_out1_clk_wiz_0
  Path Type:              Setup (Max at Slow Process Corner)
  Requirement:            5.000ns  (clk_out1_clk_wiz_0 rise@5.000ns - clk_out1_clk_wiz_0_1 rise@0.000ns)
  Data Path Delay:        4.777ns  (logic 1.908ns (39.944%)  route 2.869ns (60.055%))
  Logic Levels:           8  (LUT3=1 LUT4=1 LUT5=3 LUT6=3)
  Clock Path Skew:        -0.079ns (DCD - SCD + CPR)
    Destination Clock Delay (DCD):    4.467ns = ( 9.467 - 5.000 ) 
    Source Clock Delay      (SCD):    4.911ns
    Clock Pessimism Removal (CPR):    0.365ns
  Clock Uncertainty:      0.060ns  ((TSJ^2 + DJ^2)^1/2) / 2 + PE
    Total System Jitter     (TSJ):    0.071ns
    Discrete Jitter          (DJ):    0.098ns
    Phase Error              (PE):    0.000ns
  Clock Domain Crossing:  Inter clock paths are considered valid unless explicitly excluded by timing constraints such as set_clock_groups or set_false_path.

    Location             Delay type                Incr(ns)  Path(ns)    Netlist Resource(s)
  -------------------------------------------------------------------    -------------------
                         (clock clk_out1_clk_wiz_0_1 rise edge)
                                                      0.000     0.000 r  
    H19                                               0.000     0.000 r  clk_p (IN)
                         net (fo=0)                   0.000     0.000    instance_name/inst/clk_in1_p
    H19                  IBUFDS (Prop_ibufds_I_O)     0.855     0.855 r  instance_name/inst/clkin1_ibufgds/O
                         net (fo=1, routed)           2.165     3.020    instance_name/inst/clk_in1_clk_wiz_0_buf
    BUFGCTRL_X0Y16       BUFG (Prop_bufg_I_O)         0.080     3.100 r  instance_name/inst/clkin1_bufg1/O
                         net (fo=1, routed)           1.924     5.024    instance_name/inst/clk_in1_clk_wiz_0
    MMCME2_ADV_X1Y0      MMCME2_ADV (Prop_mmcme2_adv_CLKIN1_CLKOUT0)
                                                     -4.594     0.430 r  instance_name/inst/mmcm_adv_inst/CLKOUT0
                         net (fo=1, routed)           2.592     3.022    instance_name/inst/clk_out1_clk_wiz_0
    BUFGCTRL_X0Y0        BUFG (Prop_bufg_I_O)         0.080     3.102 r  instance_name/inst/clkout1_buf/O
                         net (fo=2215, routed)        1.809     4.911    RAM/U0/inst_blk_mem_gen/gnbram.gnative_mem_map_bmg.native_mem_map_blk_mem_gen/valid.cstr/ramloop[8].ram.r/prim_init.ram/clkb
    RAMB36_X8Y0          RAMB36E1                                     r  RAM/U0/inst_blk_mem_gen/gnbram.gnative_mem_map_bmg.native_mem_map_blk_mem_gen/valid.cstr/ramloop[8].ram.r/prim_init.ram/DEVICE_7SERIES.WITH_BMM_INFO.TRUE_DP.SIMPLE_PRIM36.ram/CLKBWRCLK
  -------------------------------------------------------------------    -------------------
    RAMB36_X8Y0          RAMB36E1 (Prop_ramb36e1_CLKBWRCLK_DOBDO[7])
                                                      1.564     6.475 r  RAM/U0/inst_blk_mem_gen/gnbram.gnative_mem_map_bmg.native_mem_map_blk_mem_gen/valid.cstr/ramloop[8].ram.r/prim_init.ram/DEVICE_7SERIES.WITH_BMM_INFO.TRUE_DP.SIMPLE_PRIM36.ram/DOBDO[7]
                         net (fo=1, routed)           0.974     7.449    RAM/U0/inst_blk_mem_gen/gnbram.gnative_mem_map_bmg.native_mem_map_blk_mem_gen/valid.cstr/has_mux_b.B/gen_zalrsc_on.reservation_data_o_reg[23]_2[7]
    SLICE_X143Y26        LUT6 (Prop_lut6_I5_O)        0.043     7.492 r  RAM/U0/inst_blk_mem_gen/gnbram.gnative_mem_map_bmg.native_mem_map_blk_mem_gen/valid.cstr/has_mux_b.B/doutb[23]_INST_0/O
                         net (fo=2, routed)           0.193     7.685    rtc/doutb[20]
    SLICE_X144Y27        LUT5 (Prop_lut5_I3_O)        0.043     7.728 r  rtc/RegFileFPGA_blk.RegBankA_i_43/O
                         net (fo=5, routed)           0.323     8.051    rtc/cpu_data_in[23]
    SLICE_X144Y27        LUT6 (Prop_lut6_I0_O)        0.043     8.094 r  rtc/RegFileFPGA_blk.RegBankA_i_83/O
                         net (fo=2, routed)           0.181     8.275    dut/mem_access1/byte_data[0]
    SLICE_X143Y28        LUT5 (Prop_lut5_I4_O)        0.043     8.318 r  dut/mem_access1/RegFileFPGA_blk.RegBankA_i_52/O
                         net (fo=9, routed)           0.100     8.418    dut/mem_access1/RegFileFPGA_blk.RegBankA_i_52_n_0
    SLICE_X143Y28        LUT4 (Prop_lut4_I3_O)        0.043     8.461 r  dut/mem_access1/RegFileFPGA_blk.RegBankA_i_33/O
                         net (fo=16, routed)          0.210     8.671    dut/mem_access1/RegFileFPGA_blk.RegBankA_i_33_n_0
    SLICE_X142Y28        LUT6 (Prop_lut6_I0_O)        0.043     8.714 r  dut/mem_access1/RegFileFPGA_blk.RegBankA_i_7/O
                         net (fo=4, routed)           0.349     9.063    dut/execute1/d[25]
    SLICE_X144Y31        LUT5 (Prop_lut5_I2_O)        0.043     9.106 r  dut/execute1/rs2_data_o[25]_i_2/O
                         net (fo=2, routed)           0.538     9.645    dut/decoder1/rs2_data_o_reg[25]_0
    SLICE_X135Y29        LUT3 (Prop_lut3_I2_O)        0.043     9.688 r  dut/decoder1/rs2_data_o[25]_i_1/O
                         net (fo=1, routed)           0.000     9.688    dut/decoder1/rs2_data_o[25]_i_1_n_0
    SLICE_X135Y29        FDCE                                         r  dut/decoder1/rs2_data_o_reg[25]/D
  -------------------------------------------------------------------    -------------------

                         (clock clk_out1_clk_wiz_0 rise edge)
                                                      5.000     5.000 r  
    H19                                               0.000     5.000 r  clk_p (IN)
                         net (fo=0)                   0.000     5.000    instance_name/inst/clk_in1_p
    H19                  IBUFDS (Prop_ibufds_I_O)     0.746     5.746 r  instance_name/inst/clkin1_ibufgds/O
                         net (fo=1, routed)           2.008     7.754    instance_name/inst/clk_in1_clk_wiz_0_buf
    BUFGCTRL_X0Y16       BUFG (Prop_bufg_I_O)         0.072     7.826 r  instance_name/inst/clkin1_bufg1/O
                         net (fo=1, routed)           1.779     9.605    instance_name/inst/clk_in1_clk_wiz_0
    MMCME2_ADV_X1Y0      MMCME2_ADV (Prop_mmcme2_adv_CLKIN1_CLKOUT0)
                                                     -4.341     5.264 r  instance_name/inst/mmcm_adv_inst/CLKOUT0
                         net (fo=1, routed)           2.492     7.756    instance_name/inst/clk_out1_clk_wiz_0
    BUFGCTRL_X0Y0        BUFG (Prop_bufg_I_O)         0.072     7.828 r  instance_name/inst/clkout1_buf/O
                         net (fo=2215, routed)        1.639     9.467    dut/decoder1/clk_out1
    SLICE_X135Y29        FDCE                                         r  dut/decoder1/rs2_data_o_reg[25]/C
                         clock pessimism              0.365     9.832    
                         clock uncertainty           -0.060     9.772    
    SLICE_X135Y29        FDCE (Setup_fdce_C_D)        0.031     9.803    dut/decoder1/rs2_data_o_reg[25]
  -------------------------------------------------------------------
                         required time                          9.803    
                         arrival time                          -9.688    
  -------------------------------------------------------------------
                         slack                                  0.115    





Min Delay Paths
--------------------------------------------------------------------------------------
Slack (MET) :             0.051ns  (arrival time - required time)
  Source:                 dut/execute1/gen_atomic_on.gen_zalrsc_on.reservation_addr_reg[7]/C
                            (rising edge-triggered cell FDCE clocked by clk_out1_clk_wiz_0_1  {rise@0.000ns fall@2.500ns period=5.000ns})
  Destination:            dut/execute1/gen_atomic_on.gen_zalrsc_on.lrsc_m/cmp_opB_o_reg[7]/D
                            (rising edge-triggered cell FDCE clocked by clk_out1_clk_wiz_0  {rise@0.000ns fall@2.500ns period=5.000ns})
  Path Group:             clk_out1_clk_wiz_0
  Path Type:              Hold (Min at Fast Process Corner)
  Requirement:            0.000ns  (clk_out1_clk_wiz_0 rise@0.000ns - clk_out1_clk_wiz_0_1 rise@0.000ns)
  Data Path Delay:        0.210ns  (logic 0.128ns (60.959%)  route 0.082ns (39.041%))
  Logic Levels:           1  (LUT4=1)
  Clock Path Skew:        0.011ns (DCD - SCD - CPR)
    Destination Clock Delay (DCD):    2.938ns
    Source Clock Delay      (SCD):    2.494ns
    Clock Pessimism Removal (CPR):    0.433ns
  Clock Uncertainty:      0.060ns  ((TSJ^2 + DJ^2)^1/2) / 2 + PE
    Total System Jitter     (TSJ):    0.071ns
    Discrete Jitter          (DJ):    0.098ns
    Phase Error              (PE):    0.000ns
  Clock Domain Crossing:  Inter clock paths are considered valid unless explicitly excluded by timing constraints such as set_clock_groups or set_false_path.

    Location             Delay type                Incr(ns)  Path(ns)    Netlist Resource(s)
  -------------------------------------------------------------------    -------------------
                         (clock clk_out1_clk_wiz_0_1 rise edge)
                                                      0.000     0.000 r  
    H19                                               0.000     0.000 r  clk_p (IN)
                         net (fo=0)                   0.000     0.000    instance_name/inst/clk_in1_p
    H19                  IBUFDS (Prop_ibufds_I_O)     0.380     0.380 r  instance_name/inst/clkin1_ibufgds/O
                         net (fo=1, routed)           1.304     1.684    instance_name/inst/clk_in1_clk_wiz_0_buf
    BUFGCTRL_X0Y16       BUFG (Prop_bufg_I_O)         0.026     1.710 r  instance_name/inst/clkin1_bufg1/O
                         net (fo=1, routed)           0.819     2.529    instance_name/inst/clk_in1_clk_wiz_0
    MMCME2_ADV_X1Y0      MMCME2_ADV (Prop_mmcme2_adv_CLKIN1_CLKOUT0)
                                                     -2.161     0.368 r  instance_name/inst/mmcm_adv_inst/CLKOUT0
                         net (fo=1, routed)           1.318     1.686    instance_name/inst/clk_out1_clk_wiz_0
    BUFGCTRL_X0Y0        BUFG (Prop_bufg_I_O)         0.026     1.712 r  instance_name/inst/clkout1_buf/O
                         net (fo=2215, routed)        0.782     2.494    dut/execute1/clk_out1
    SLICE_X141Y21        FDCE                                         r  dut/execute1/gen_atomic_on.gen_zalrsc_on.reservation_addr_reg[7]/C
  -------------------------------------------------------------------    -------------------
    SLICE_X141Y21        FDCE (Prop_fdce_C_Q)         0.100     2.594 r  dut/execute1/gen_atomic_on.gen_zalrsc_on.reservation_addr_reg[7]/Q
                         net (fo=1, routed)           0.082     2.676    dut/execute1/gen_atomic_on.gen_zalrsc_on.lrsc_m/cmp_opB_o_reg[31]_0[7]
    SLICE_X140Y21        LUT4 (Prop_lut4_I0_O)        0.028     2.704 r  dut/execute1/gen_atomic_on.gen_zalrsc_on.lrsc_m/cmp_opB_o[7]_i_1/O
                         net (fo=1, routed)           0.000     2.704    dut/execute1/gen_atomic_on.gen_zalrsc_on.lrsc_m/cmp_opB_o[7]_i_1_n_0
    SLICE_X140Y21        FDCE                                         r  dut/execute1/gen_atomic_on.gen_zalrsc_on.lrsc_m/cmp_opB_o_reg[7]/D
  -------------------------------------------------------------------    -------------------

                         (clock clk_out1_clk_wiz_0 rise edge)
                                                      0.000     0.000 r  
    H19                                               0.000     0.000 r  clk_p (IN)
                         net (fo=0)                   0.000     0.000    instance_name/inst/clk_in1_p
    H19                  IBUFDS (Prop_ibufds_I_O)     0.461     0.461 r  instance_name/inst/clkin1_ibufgds/O
                         net (fo=1, routed)           1.382     1.843    instance_name/inst/clk_in1_clk_wiz_0_buf
    BUFGCTRL_X0Y16       BUFG (Prop_bufg_I_O)         0.030     1.873 r  instance_name/inst/clkin1_bufg1/O
                         net (fo=1, routed)           1.111     2.984    instance_name/inst/clk_in1_clk_wiz_0
    MMCME2_ADV_X1Y0      MMCME2_ADV (Prop_mmcme2_adv_CLKIN1_CLKOUT0)
                                                     -2.530     0.454 r  instance_name/inst/mmcm_adv_inst/CLKOUT0
                         net (fo=1, routed)           1.391     1.845    instance_name/inst/clk_out1_clk_wiz_0
    BUFGCTRL_X0Y0        BUFG (Prop_bufg_I_O)         0.030     1.875 r  instance_name/inst/clkout1_buf/O
                         net (fo=2215, routed)        1.063     2.938    dut/execute1/gen_atomic_on.gen_zalrsc_on.lrsc_m/clk_out1
    SLICE_X140Y21        FDCE                                         r  dut/execute1/gen_atomic_on.gen_zalrsc_on.lrsc_m/cmp_opB_o_reg[7]/C
                         clock pessimism             -0.433     2.505    
                         clock uncertainty            0.060     2.566    
    SLICE_X140Y21        FDCE (Hold_fdce_C_D)         0.087     2.653    dut/execute1/gen_atomic_on.gen_zalrsc_on.lrsc_m/cmp_opB_o_reg[7]
  -------------------------------------------------------------------
                         required time                         -2.653    
                         arrival time                           2.704    
  -------------------------------------------------------------------
                         slack                                  0.051    





---------------------------------------------------------------------------------------------------
From Clock:  clk_out1_clk_wiz_0
  To Clock:  clk_out1_clk_wiz_0_1

Setup :            0  Failing Endpoints,  Worst Slack        0.115ns,  Total Violation        0.000ns
Hold  :            0  Failing Endpoints,  Worst Slack        0.051ns,  Total Violation        0.000ns
---------------------------------------------------------------------------------------------------


Max Delay Paths
--------------------------------------------------------------------------------------
Slack (MET) :             0.115ns  (required time - arrival time)
  Source:                 RAM/U0/inst_blk_mem_gen/gnbram.gnative_mem_map_bmg.native_mem_map_blk_mem_gen/valid.cstr/ramloop[8].ram.r/prim_init.ram/DEVICE_7SERIES.WITH_BMM_INFO.TRUE_DP.SIMPLE_PRIM36.ram/CLKBWRCLK
                            (rising edge-triggered cell RAMB36E1 clocked by clk_out1_clk_wiz_0  {rise@0.000ns fall@2.500ns period=5.000ns})
  Destination:            dut/decoder1/rs2_data_o_reg[25]/D
                            (rising edge-triggered cell FDCE clocked by clk_out1_clk_wiz_0_1  {rise@0.000ns fall@2.500ns period=5.000ns})
  Path Group:             clk_out1_clk_wiz_0_1
  Path Type:              Setup (Max at Slow Process Corner)
  Requirement:            5.000ns  (clk_out1_clk_wiz_0_1 rise@5.000ns - clk_out1_clk_wiz_0 rise@0.000ns)
  Data Path Delay:        4.777ns  (logic 1.908ns (39.944%)  route 2.869ns (60.055%))
  Logic Levels:           8  (LUT3=1 LUT4=1 LUT5=3 LUT6=3)
  Clock Path Skew:        -0.079ns (DCD - SCD + CPR)
    Destination Clock Delay (DCD):    4.467ns = ( 9.467 - 5.000 ) 
    Source Clock Delay      (SCD):    4.911ns
    Clock Pessimism Removal (CPR):    0.365ns
  Clock Uncertainty:      0.060ns  ((TSJ^2 + DJ^2)^1/2) / 2 + PE
    Total System Jitter     (TSJ):    0.071ns
    Discrete Jitter          (DJ):    0.098ns
    Phase Error              (PE):    0.000ns
  Clock Domain Crossing:  Inter clock paths are considered valid unless explicitly excluded by timing constraints such as set_clock_groups or set_false_path.

    Location             Delay type                Incr(ns)  Path(ns)    Netlist Resource(s)
  -------------------------------------------------------------------    -------------------
                         (clock clk_out1_clk_wiz_0 rise edge)
                                                      0.000     0.000 r  
    H19                                               0.000     0.000 r  clk_p (IN)
                         net (fo=0)                   0.000     0.000    instance_name/inst/clk_in1_p
    H19                  IBUFDS (Prop_ibufds_I_O)     0.855     0.855 r  instance_name/inst/clkin1_ibufgds/O
                         net (fo=1, routed)           2.165     3.020    instance_name/inst/clk_in1_clk_wiz_0_buf
    BUFGCTRL_X0Y16       BUFG (Prop_bufg_I_O)         0.080     3.100 r  instance_name/inst/clkin1_bufg1/O
                         net (fo=1, routed)           1.924     5.024    instance_name/inst/clk_in1_clk_wiz_0
    MMCME2_ADV_X1Y0      MMCME2_ADV (Prop_mmcme2_adv_CLKIN1_CLKOUT0)
                                                     -4.594     0.430 r  instance_name/inst/mmcm_adv_inst/CLKOUT0
                         net (fo=1, routed)           2.592     3.022    instance_name/inst/clk_out1_clk_wiz_0
    BUFGCTRL_X0Y0        BUFG (Prop_bufg_I_O)         0.080     3.102 r  instance_name/inst/clkout1_buf/O
                         net (fo=2215, routed)        1.809     4.911    RAM/U0/inst_blk_mem_gen/gnbram.gnative_mem_map_bmg.native_mem_map_blk_mem_gen/valid.cstr/ramloop[8].ram.r/prim_init.ram/clkb
    RAMB36_X8Y0          RAMB36E1                                     r  RAM/U0/inst_blk_mem_gen/gnbram.gnative_mem_map_bmg.native_mem_map_blk_mem_gen/valid.cstr/ramloop[8].ram.r/prim_init.ram/DEVICE_7SERIES.WITH_BMM_INFO.TRUE_DP.SIMPLE_PRIM36.ram/CLKBWRCLK
  -------------------------------------------------------------------    -------------------
    RAMB36_X8Y0          RAMB36E1 (Prop_ramb36e1_CLKBWRCLK_DOBDO[7])
                                                      1.564     6.475 r  RAM/U0/inst_blk_mem_gen/gnbram.gnative_mem_map_bmg.native_mem_map_blk_mem_gen/valid.cstr/ramloop[8].ram.r/prim_init.ram/DEVICE_7SERIES.WITH_BMM_INFO.TRUE_DP.SIMPLE_PRIM36.ram/DOBDO[7]
                         net (fo=1, routed)           0.974     7.449    RAM/U0/inst_blk_mem_gen/gnbram.gnative_mem_map_bmg.native_mem_map_blk_mem_gen/valid.cstr/has_mux_b.B/gen_zalrsc_on.reservation_data_o_reg[23]_2[7]
    SLICE_X143Y26        LUT6 (Prop_lut6_I5_O)        0.043     7.492 r  RAM/U0/inst_blk_mem_gen/gnbram.gnative_mem_map_bmg.native_mem_map_blk_mem_gen/valid.cstr/has_mux_b.B/doutb[23]_INST_0/O
                         net (fo=2, routed)           0.193     7.685    rtc/doutb[20]
    SLICE_X144Y27        LUT5 (Prop_lut5_I3_O)        0.043     7.728 r  rtc/RegFileFPGA_blk.RegBankA_i_43/O
                         net (fo=5, routed)           0.323     8.051    rtc/cpu_data_in[23]
    SLICE_X144Y27        LUT6 (Prop_lut6_I0_O)        0.043     8.094 r  rtc/RegFileFPGA_blk.RegBankA_i_83/O
                         net (fo=2, routed)           0.181     8.275    dut/mem_access1/byte_data[0]
    SLICE_X143Y28        LUT5 (Prop_lut5_I4_O)        0.043     8.318 r  dut/mem_access1/RegFileFPGA_blk.RegBankA_i_52/O
                         net (fo=9, routed)           0.100     8.418    dut/mem_access1/RegFileFPGA_blk.RegBankA_i_52_n_0
    SLICE_X143Y28        LUT4 (Prop_lut4_I3_O)        0.043     8.461 r  dut/mem_access1/RegFileFPGA_blk.RegBankA_i_33/O
                         net (fo=16, routed)          0.210     8.671    dut/mem_access1/RegFileFPGA_blk.RegBankA_i_33_n_0
    SLICE_X142Y28        LUT6 (Prop_lut6_I0_O)        0.043     8.714 r  dut/mem_access1/RegFileFPGA_blk.RegBankA_i_7/O
                         net (fo=4, routed)           0.349     9.063    dut/execute1/d[25]
    SLICE_X144Y31        LUT5 (Prop_lut5_I2_O)        0.043     9.106 r  dut/execute1/rs2_data_o[25]_i_2/O
                         net (fo=2, routed)           0.538     9.645    dut/decoder1/rs2_data_o_reg[25]_0
    SLICE_X135Y29        LUT3 (Prop_lut3_I2_O)        0.043     9.688 r  dut/decoder1/rs2_data_o[25]_i_1/O
                         net (fo=1, routed)           0.000     9.688    dut/decoder1/rs2_data_o[25]_i_1_n_0
    SLICE_X135Y29        FDCE                                         r  dut/decoder1/rs2_data_o_reg[25]/D
  -------------------------------------------------------------------    -------------------

                         (clock clk_out1_clk_wiz_0_1 rise edge)
                                                      5.000     5.000 r  
    H19                                               0.000     5.000 r  clk_p (IN)
                         net (fo=0)                   0.000     5.000    instance_name/inst/clk_in1_p
    H19                  IBUFDS (Prop_ibufds_I_O)     0.746     5.746 r  instance_name/inst/clkin1_ibufgds/O
                         net (fo=1, routed)           2.008     7.754    instance_name/inst/clk_in1_clk_wiz_0_buf
    BUFGCTRL_X0Y16       BUFG (Prop_bufg_I_O)         0.072     7.826 r  instance_name/inst/clkin1_bufg1/O
                         net (fo=1, routed)           1.779     9.605    instance_name/inst/clk_in1_clk_wiz_0
    MMCME2_ADV_X1Y0      MMCME2_ADV (Prop_mmcme2_adv_CLKIN1_CLKOUT0)
                                                     -4.341     5.264 r  instance_name/inst/mmcm_adv_inst/CLKOUT0
                         net (fo=1, routed)           2.492     7.756    instance_name/inst/clk_out1_clk_wiz_0
    BUFGCTRL_X0Y0        BUFG (Prop_bufg_I_O)         0.072     7.828 r  instance_name/inst/clkout1_buf/O
                         net (fo=2215, routed)        1.639     9.467    dut/decoder1/clk_out1
    SLICE_X135Y29        FDCE                                         r  dut/decoder1/rs2_data_o_reg[25]/C
                         clock pessimism              0.365     9.832    
                         clock uncertainty           -0.060     9.772    
    SLICE_X135Y29        FDCE (Setup_fdce_C_D)        0.031     9.803    dut/decoder1/rs2_data_o_reg[25]
  -------------------------------------------------------------------
                         required time                          9.803    
                         arrival time                          -9.688    
  -------------------------------------------------------------------
                         slack                                  0.115    





Min Delay Paths
--------------------------------------------------------------------------------------
Slack (MET) :             0.051ns  (arrival time - required time)
  Source:                 dut/execute1/gen_atomic_on.gen_zalrsc_on.reservation_addr_reg[7]/C
                            (rising edge-triggered cell FDCE clocked by clk_out1_clk_wiz_0  {rise@0.000ns fall@2.500ns period=5.000ns})
  Destination:            dut/execute1/gen_atomic_on.gen_zalrsc_on.lrsc_m/cmp_opB_o_reg[7]/D
                            (rising edge-triggered cell FDCE clocked by clk_out1_clk_wiz_0_1  {rise@0.000ns fall@2.500ns period=5.000ns})
  Path Group:             clk_out1_clk_wiz_0_1
  Path Type:              Hold (Min at Fast Process Corner)
  Requirement:            0.000ns  (clk_out1_clk_wiz_0_1 rise@0.000ns - clk_out1_clk_wiz_0 rise@0.000ns)
  Data Path Delay:        0.210ns  (logic 0.128ns (60.959%)  route 0.082ns (39.041%))
  Logic Levels:           1  (LUT4=1)
  Clock Path Skew:        0.011ns (DCD - SCD - CPR)
    Destination Clock Delay (DCD):    2.938ns
    Source Clock Delay      (SCD):    2.494ns
    Clock Pessimism Removal (CPR):    0.433ns
  Clock Uncertainty:      0.060ns  ((TSJ^2 + DJ^2)^1/2) / 2 + PE
    Total System Jitter     (TSJ):    0.071ns
    Discrete Jitter          (DJ):    0.098ns
    Phase Error              (PE):    0.000ns
  Clock Domain Crossing:  Inter clock paths are considered valid unless explicitly excluded by timing constraints such as set_clock_groups or set_false_path.

    Location             Delay type                Incr(ns)  Path(ns)    Netlist Resource(s)
  -------------------------------------------------------------------    -------------------
                         (clock clk_out1_clk_wiz_0 rise edge)
                                                      0.000     0.000 r  
    H19                                               0.000     0.000 r  clk_p (IN)
                         net (fo=0)                   0.000     0.000    instance_name/inst/clk_in1_p
    H19                  IBUFDS (Prop_ibufds_I_O)     0.380     0.380 r  instance_name/inst/clkin1_ibufgds/O
                         net (fo=1, routed)           1.304     1.684    instance_name/inst/clk_in1_clk_wiz_0_buf
    BUFGCTRL_X0Y16       BUFG (Prop_bufg_I_O)         0.026     1.710 r  instance_name/inst/clkin1_bufg1/O
                         net (fo=1, routed)           0.819     2.529    instance_name/inst/clk_in1_clk_wiz_0
    MMCME2_ADV_X1Y0      MMCME2_ADV (Prop_mmcme2_adv_CLKIN1_CLKOUT0)
                                                     -2.161     0.368 r  instance_name/inst/mmcm_adv_inst/CLKOUT0
                         net (fo=1, routed)           1.318     1.686    instance_name/inst/clk_out1_clk_wiz_0
    BUFGCTRL_X0Y0        BUFG (Prop_bufg_I_O)         0.026     1.712 r  instance_name/inst/clkout1_buf/O
                         net (fo=2215, routed)        0.782     2.494    dut/execute1/clk_out1
    SLICE_X141Y21        FDCE                                         r  dut/execute1/gen_atomic_on.gen_zalrsc_on.reservation_addr_reg[7]/C
  -------------------------------------------------------------------    -------------------
    SLICE_X141Y21        FDCE (Prop_fdce_C_Q)         0.100     2.594 r  dut/execute1/gen_atomic_on.gen_zalrsc_on.reservation_addr_reg[7]/Q
                         net (fo=1, routed)           0.082     2.676    dut/execute1/gen_atomic_on.gen_zalrsc_on.lrsc_m/cmp_opB_o_reg[31]_0[7]
    SLICE_X140Y21        LUT4 (Prop_lut4_I0_O)        0.028     2.704 r  dut/execute1/gen_atomic_on.gen_zalrsc_on.lrsc_m/cmp_opB_o[7]_i_1/O
                         net (fo=1, routed)           0.000     2.704    dut/execute1/gen_atomic_on.gen_zalrsc_on.lrsc_m/cmp_opB_o[7]_i_1_n_0
    SLICE_X140Y21        FDCE                                         r  dut/execute1/gen_atomic_on.gen_zalrsc_on.lrsc_m/cmp_opB_o_reg[7]/D
  -------------------------------------------------------------------    -------------------

                         (clock clk_out1_clk_wiz_0_1 rise edge)
                                                      0.000     0.000 r  
    H19                                               0.000     0.000 r  clk_p (IN)
                         net (fo=0)                   0.000     0.000    instance_name/inst/clk_in1_p
    H19                  IBUFDS (Prop_ibufds_I_O)     0.461     0.461 r  instance_name/inst/clkin1_ibufgds/O
                         net (fo=1, routed)           1.382     1.843    instance_name/inst/clk_in1_clk_wiz_0_buf
    BUFGCTRL_X0Y16       BUFG (Prop_bufg_I_O)         0.030     1.873 r  instance_name/inst/clkin1_bufg1/O
                         net (fo=1, routed)           1.111     2.984    instance_name/inst/clk_in1_clk_wiz_0
    MMCME2_ADV_X1Y0      MMCME2_ADV (Prop_mmcme2_adv_CLKIN1_CLKOUT0)
                                                     -2.530     0.454 r  instance_name/inst/mmcm_adv_inst/CLKOUT0
                         net (fo=1, routed)           1.391     1.845    instance_name/inst/clk_out1_clk_wiz_0
    BUFGCTRL_X0Y0        BUFG (Prop_bufg_I_O)         0.030     1.875 r  instance_name/inst/clkout1_buf/O
                         net (fo=2215, routed)        1.063     2.938    dut/execute1/gen_atomic_on.gen_zalrsc_on.lrsc_m/clk_out1
    SLICE_X140Y21        FDCE                                         r  dut/execute1/gen_atomic_on.gen_zalrsc_on.lrsc_m/cmp_opB_o_reg[7]/C
                         clock pessimism             -0.433     2.505    
                         clock uncertainty            0.060     2.566    
    SLICE_X140Y21        FDCE (Hold_fdce_C_D)         0.087     2.653    dut/execute1/gen_atomic_on.gen_zalrsc_on.lrsc_m/cmp_opB_o_reg[7]
  -------------------------------------------------------------------
                         required time                         -2.653    
                         arrival time                           2.704    
  -------------------------------------------------------------------
                         slack                                  0.051    





