Copyright 1986-2022 Xilinx, Inc. All Rights Reserved. Copyright 2022-2026 Advanced Micro Devices, Inc. All Rights Reserved.
---------------------------------------------------------------------------------------------------------------------------------------------
| Tool Version : Vivado v.2025.2.1 (lin64) Build 6403652 Thu Mar 19 13:47:00 MDT 2026
| Date         : Wed Sep 23 17:09:15 2026
| Host         : gaphs06.portoalegre.pucrsnet.br running 64-bit Rocky Linux release 8.10 (Green Obsidian)
| Command      : report_timing_summary -file /home/bruno.elkfury/Documents/RS5_para_push/RS5/proto/RS5/reports/timing_summary.rpt
| Design       : RS5_FPGA_Platform
| Device       : 7a100t-csg324
| Speed File   : -1  PRODUCTION 1.23 2018-06-13
| Design State : Physopt postRoute
---------------------------------------------------------------------------------------------------------------------------------------------

Timing Summary Report

------------------------------------------------------------------------------------------------
| Timer Settings
| --------------
------------------------------------------------------------------------------------------------

  Enable Multi Corner Analysis               :  Yes
  Enable Pessimism Removal                   :  Yes
  Pessimism Removal Resolution               :  Nearest Common Node
  Enable Input Delay Default Clock           :  No
  Enable Preset / Clear Arcs                 :  No
  Disable Flight Delays                      :  No
  Ignore I/O Paths                           :  No
  Timing Early Launch at Borrowing Latches   :  No
  Borrow Time for Max Delay Exceptions       :  Yes
  Merge Timing Exceptions                    :  Yes
  Inter-SLR Compensation                     :  Conservative

  Corner  Analyze    Analyze    
  Name    Max Paths  Min Paths  
  ------  ---------  ---------  
  Slow    Yes        Yes        
  Fast    Yes        Yes        


------------------------------------------------------------------------------------------------
| Report Methodology
| ------------------
------------------------------------------------------------------------------------------------

Rule       Severity  Description                    Violations  
---------  --------  -----------------------------  ----------  
DPIR-1     Warning   Asynchronous driver check      96          
TIMING-18  Warning   Missing input or output delay  4           

Note: This report is based on the most recent report_methodology run and may not be up-to-date. Run report_methodology on the current design for the latest report.



check_timing report

Table of Contents
-----------------
1. checking no_clock (0)
2. checking constant_clock (0)
3. checking pulse_width_clock (0)
4. checking unconstrained_internal_endpoints (0)
5. checking no_input_delay (3)
6. checking no_output_delay (1)
7. checking multiple_clock (0)
8. checking generated_clocks (0)
9. checking loops (0)
10. checking partial_input_delay (0)
11. checking partial_output_delay (0)
12. checking latch_loops (0)

1. checking no_clock (0)
------------------------
 There are 0 register/latch pins with no clock.


2. checking constant_clock (0)
------------------------------
 There are 0 register/latch pins with constant_clock.


3. checking pulse_width_clock (0)
---------------------------------
 There are 0 register/latch pins which need pulse_width check


4. checking unconstrained_internal_endpoints (0)
------------------------------------------------
 There are 0 pins that are not constrained for maximum delay.

 There are 0 pins that are not constrained for maximum delay due to constant clock.


5. checking no_input_delay (3)
------------------------------
 There are 3 input ports with no input delay specified. (HIGH)

 There are 0 input ports with no input delay but user has a false path constraint.


6. checking no_output_delay (1)
-------------------------------
 There is 1 port with no output delay specified. (HIGH)

 There are 0 ports with no output delay but user has a false path constraint

 There are 0 ports with no output delay but with a timing clock defined on it or propagating through it


7. checking multiple_clock (0)
------------------------------
 There are 0 register/latch pins with multiple clocks.


8. checking generated_clocks (0)
--------------------------------
 There are 0 generated clocks that are not connected to a clock source.


9. checking loops (0)
---------------------
 There are 0 combinational loops in the design.


10. checking partial_input_delay (0)
------------------------------------
 There are 0 input ports with partial input delay specified.


11. checking partial_output_delay (0)
-------------------------------------
 There are 0 ports with partial output delay specified.


12. checking latch_loops (0)
----------------------------
 There are 0 combinational latch loops in the design through latch input



------------------------------------------------------------------------------------------------
| Design Timing Summary
| ---------------------
------------------------------------------------------------------------------------------------

    WNS(ns)      TNS(ns)  TNS Failing Endpoints  TNS Total Endpoints      WHS(ns)      THS(ns)  THS Failing Endpoints  THS Total Endpoints     WPWS(ns)     TPWS(ns)  TPWS Failing Endpoints  TPWS Total Endpoints  
    -------      -------  ---------------------  -------------------      -------      -------  ---------------------  -------------------     --------     --------  ----------------------  --------------------  
      0.017        0.000                      0                 5122        0.049        0.000                      0                 5122        3.750        0.000                       0                  2190  


All user specified timing constraints are met.


------------------------------------------------------------------------------------------------
| Clock Summary
| -------------
------------------------------------------------------------------------------------------------

Clock        Waveform(ns)       Period(ns)      Frequency(MHz)
-----        ------------       ----------      --------------
sys_clk_pin  {0.000 5.000}      10.000          100.000         


------------------------------------------------------------------------------------------------
| Intra Clock Table
| -----------------
------------------------------------------------------------------------------------------------

Clock             WNS(ns)      TNS(ns)  TNS Failing Endpoints  TNS Total Endpoints      WHS(ns)      THS(ns)  THS Failing Endpoints  THS Total Endpoints     WPWS(ns)     TPWS(ns)  TPWS Failing Endpoints  TPWS Total Endpoints  
-----             -------      -------  ---------------------  -------------------      -------      -------  ---------------------  -------------------     --------     --------  ----------------------  --------------------  
sys_clk_pin         0.017        0.000                      0                 5122        0.049        0.000                      0                 5122        3.750        0.000                       0                  2190  


------------------------------------------------------------------------------------------------
| Inter Clock Table
| -----------------
------------------------------------------------------------------------------------------------

From Clock    To Clock          WNS(ns)      TNS(ns)  TNS Failing Endpoints  TNS Total Endpoints      WHS(ns)      THS(ns)  THS Failing Endpoints  THS Total Endpoints  
----------    --------          -------      -------  ---------------------  -------------------      -------      -------  ---------------------  -------------------  


------------------------------------------------------------------------------------------------
| Other Path Groups Table
| -----------------------
------------------------------------------------------------------------------------------------

Path Group    From Clock    To Clock          WNS(ns)      TNS(ns)  TNS Failing Endpoints  TNS Total Endpoints      WHS(ns)      THS(ns)  THS Failing Endpoints  THS Total Endpoints  
----------    ----------    --------          -------      -------  ---------------------  -------------------      -------      -------  ---------------------  -------------------  


------------------------------------------------------------------------------------------------
| Timing Details
| --------------
------------------------------------------------------------------------------------------------


---------------------------------------------------------------------------------------------------
From Clock:  sys_clk_pin
  To Clock:  sys_clk_pin

Setup :            0  Failing Endpoints,  Worst Slack        0.017ns,  Total Violation        0.000ns
Hold  :            0  Failing Endpoints,  Worst Slack        0.049ns,  Total Violation        0.000ns
PW    :            0  Failing Endpoints,  Worst Slack        3.750ns,  Total Violation        0.000ns
---------------------------------------------------------------------------------------------------


Max Delay Paths
--------------------------------------------------------------------------------------
Slack (MET) :             0.017ns  (required time - arrival time)
  Source:                 dut/decoder1/second_operand_o_reg[3]/C
                            (rising edge-triggered cell FDCE clocked by sys_clk_pin  {rise@0.000ns fall@5.000ns period=10.000ns})
  Destination:            dut/fetch1/instruction_o_reg[17]/D
                            (rising edge-triggered cell FDCE clocked by sys_clk_pin  {rise@0.000ns fall@5.000ns period=10.000ns})
  Path Group:             sys_clk_pin
  Path Type:              Setup (Max at Slow Process Corner)
  Requirement:            10.000ns  (sys_clk_pin rise@10.000ns - sys_clk_pin rise@0.000ns)
  Data Path Delay:        9.933ns  (logic 2.851ns (28.702%)  route 7.082ns (71.298%))
  Logic Levels:           14  (CARRY4=4 LUT4=1 LUT5=1 LUT6=7 MUXF7=1)
  Clock Path Skew:        -0.046ns (DCD - SCD + CPR)
    Destination Clock Delay (DCD):    5.312ns = ( 15.312 - 10.000 ) 
    Source Clock Delay      (SCD):    5.638ns
    Clock Pessimism Removal (CPR):    0.279ns
  Clock Uncertainty:      0.035ns  ((TSJ^2 + TIJ^2)^1/2 + DJ) / 2 + PE
    Total System Jitter     (TSJ):    0.071ns
    Total Input Jitter      (TIJ):    0.000ns
    Discrete Jitter          (DJ):    0.000ns
    Phase Error              (PE):    0.000ns

    Location             Delay type                Incr(ns)  Path(ns)    Netlist Resource(s)
  -------------------------------------------------------------------    -------------------
                         (clock sys_clk_pin rise edge)
                                                      0.000     0.000 r  
    E3                                                0.000     0.000 r  clk (IN)
                         net (fo=0)                   0.000     0.000    clk
    E3                   IBUF (Prop_ibuf_I_O)         1.482     1.482 r  clk_IBUF_inst/O
                         net (fo=1, routed)           2.025     3.506    clk_IBUF
    BUFGCTRL_X0Y17       BUFG (Prop_bufg_I_O)         0.096     3.602 r  clk_IBUF_BUFG_inst_replica/O
                         net (fo=5, routed)           0.140     3.742    clk_IBUF_BUFG_repN
    BUFGCTRL_X0Y16       BUFG (Prop_bufg_I_O)         0.096     3.838 r  clk_IBUF_BUFG_inst/O
                         net (fo=2184, routed)        1.799     5.638    dut/decoder1/clk_IBUF_BUFG
    SLICE_X43Y31         FDCE                                         r  dut/decoder1/second_operand_o_reg[3]/C
  -------------------------------------------------------------------    -------------------
    SLICE_X43Y31         FDCE (Prop_fdce_C_Q)         0.456     6.094 r  dut/decoder1/second_operand_o_reg[3]/Q
                         net (fo=173, routed)         1.086     7.180    dut/decoder1/second_operand_execute[3]
    SLICE_X41Y27         LUT4 (Prop_lut4_I0_O)        0.124     7.304 r  dut/decoder1/jumping_r_i_104/O
                         net (fo=1, routed)           0.000     7.304    dut/decoder1/jumping_r_i_104_n_0
    SLICE_X41Y27         CARRY4 (Prop_carry4_S[1]_CO[3])
                                                      0.550     7.854 r  dut/decoder1/jumping_r_reg_i_72/CO[3]
                         net (fo=1, routed)           0.000     7.854    dut/decoder1/jumping_r_reg_i_72_n_0
    SLICE_X41Y28         CARRY4 (Prop_carry4_CI_CO[3])
                                                      0.114     7.968 r  dut/decoder1/jumping_r_reg_i_45/CO[3]
                         net (fo=1, routed)           0.000     7.968    dut/decoder1/jumping_r_reg_i_45_n_0
    SLICE_X41Y29         CARRY4 (Prop_carry4_CI_CO[3])
                                                      0.114     8.082 r  dut/decoder1/jumping_r_reg_i_18/CO[3]
                         net (fo=1, routed)           0.000     8.082    dut/decoder1/jumping_r_reg_i_18_n_0
    SLICE_X41Y30         CARRY4 (Prop_carry4_CI_CO[3])
                                                      0.114     8.196 r  dut/decoder1/jumping_r_reg_i_7/CO[3]
                         net (fo=3, routed)           1.156     9.351    dut/decoder1/execute1/data3
    SLICE_X41Y23         LUT6 (Prop_lut6_I3_O)        0.124     9.475 f  dut/decoder1/jumping_r_i_4/O
                         net (fo=1, routed)           0.605    10.080    dut/decoder1/jumping_r_i_4_n_0
    SLICE_X41Y25         LUT6 (Prop_lut6_I2_O)        0.124    10.204 f  dut/decoder1/jumping_r_i_2/O
                         net (fo=40, routed)          0.610    10.815    dut/fetch1/ibuf/jumping_r_reg_0
    SLICE_X38Y21         LUT6 (Prop_lut6_I3_O)        0.124    10.939 r  dut/fetch1/ibuf/gen_compressed_on.instruction_r[31]_i_4/O
                         net (fo=33, routed)          0.931    11.869    dut/fetch1/ibuf/fwft_active__0
    SLICE_X49Y17         LUT5 (Prop_lut5_I1_O)        0.124    11.993 r  dut/fetch1/ibuf/gen_compressed_on.instruction_r[4]_i_1/O
                         net (fo=3, routed)           0.288    12.282    dut/fetch1/ibuf/buffer_reg[1][31]_0[4]
    SLICE_X49Y17         LUT6 (Prop_lut6_I5_O)        0.124    12.406 r  dut/fetch1/ibuf/instruction_o[4]_i_4/O
                         net (fo=32, routed)          1.165    13.570    dut/fetch1/ibuf/instruction_o[4]_i_4_n_0
    SLICE_X48Y15         LUT6 (Prop_lut6_I3_O)        0.124    13.694 f  dut/fetch1/ibuf/instruction_o[9]_i_6/O
                         net (fo=2, routed)           0.453    14.148    dut/fetch1/ibuf/instruction_o[9]_i_6_n_0
    SLICE_X48Y16         LUT6 (Prop_lut6_I5_O)        0.124    14.272 r  dut/fetch1/ibuf/instruction_o[17]_i_6/O
                         net (fo=1, routed)           0.000    14.272    dut/fetch1/ibuf/instruction_o[17]_i_6_n_0
    SLICE_X48Y16         MUXF7 (Prop_muxf7_I0_O)      0.212    14.484 r  dut/fetch1/ibuf/instruction_o_reg[17]_i_2/O
                         net (fo=1, routed)           0.788    15.272    dut/fetch1/ibuf/gen_compressed_on.decompresser/expansion_C1__258[17]
    SLICE_X49Y21         LUT6 (Prop_lut6_I2_O)        0.299    15.571 r  dut/fetch1/ibuf/instruction_o[17]_i_1_comp/O
                         net (fo=1, routed)           0.000    15.571    dut/fetch1/ibuf_n_18
    SLICE_X49Y21         FDCE                                         r  dut/fetch1/instruction_o_reg[17]/D
  -------------------------------------------------------------------    -------------------

                         (clock sys_clk_pin rise edge)
                                                     10.000    10.000 r  
    E3                                                0.000    10.000 r  clk (IN)
                         net (fo=0)                   0.000    10.000    clk
    E3                   IBUF (Prop_ibuf_I_O)         1.411    11.411 r  clk_IBUF_inst/O
                         net (fo=1, routed)           1.920    13.331    clk_IBUF
    BUFGCTRL_X0Y17       BUFG (Prop_bufg_I_O)         0.091    13.422 r  clk_IBUF_BUFG_inst_replica/O
                         net (fo=5, routed)           0.133    13.555    clk_IBUF_BUFG_repN
    BUFGCTRL_X0Y16       BUFG (Prop_bufg_I_O)         0.091    13.646 r  clk_IBUF_BUFG_inst/O
                         net (fo=2184, routed)        1.666    15.312    dut/fetch1/clk_IBUF_BUFG
    SLICE_X49Y21         FDCE                                         r  dut/fetch1/instruction_o_reg[17]/C
                         clock pessimism              0.279    15.592    
                         clock uncertainty           -0.035    15.556    
    SLICE_X49Y21         FDCE (Setup_fdce_C_D)        0.032    15.588    dut/fetch1/instruction_o_reg[17]
  -------------------------------------------------------------------
                         required time                         15.588    
                         arrival time                         -15.571    
  -------------------------------------------------------------------
                         slack                                  0.017    





Min Delay Paths
--------------------------------------------------------------------------------------
Slack (MET) :             0.049ns  (arrival time - required time)
  Source:                 Peripherals1/BUFFER_data_reg[3]/C
                            (rising edge-triggered cell FDRE clocked by sys_clk_pin  {rise@0.000ns fall@5.000ns period=10.000ns})
  Destination:            RS5_FPGA_Platform/Peripherals/FIFO_BUFFER_UART/<hidden>/<hidden>/<hidden>/<hidden>/<hidden>/<hidden>/<hidden>
                            (rising edge-triggered cell RAMD64E clocked by sys_clk_pin  {rise@0.000ns fall@5.000ns period=10.000ns})
  Path Group:             sys_clk_pin
  Path Type:              Hold (Min at Fast Process Corner)
  Requirement:            0.000ns  (sys_clk_pin rise@0.000ns - sys_clk_pin rise@0.000ns)
  Data Path Delay:        0.396ns  (logic 0.164ns (41.391%)  route 0.232ns (58.609%))
  Logic Levels:           0  
  Clock Path Skew:        0.200ns (DCD - SCD - CPR)
    Destination Clock Delay (DCD):    2.063ns
    Source Clock Delay      (SCD):    1.606ns
    Clock Pessimism Removal (CPR):    0.256ns

    Location             Delay type                Incr(ns)  Path(ns)    Netlist Resource(s)
  -------------------------------------------------------------------    -------------------
                         (clock sys_clk_pin rise edge)
                                                      0.000     0.000 r  
    E3                                                0.000     0.000 r  clk (IN)
                         net (fo=0)                   0.000     0.000    clk
    E3                   IBUF (Prop_ibuf_I_O)         0.250     0.250 r  clk_IBUF_inst/O
                         net (fo=1, routed)           0.644     0.894    clk_IBUF
    BUFGCTRL_X0Y17       BUFG (Prop_bufg_I_O)         0.026     0.920 r  clk_IBUF_BUFG_inst_replica/O
                         net (fo=5, routed)           0.030     0.950    clk_IBUF_BUFG_repN
    BUFGCTRL_X0Y16       BUFG (Prop_bufg_I_O)         0.026     0.976 r  clk_IBUF_BUFG_inst/O
                         net (fo=2184, routed)        0.630     1.606    Peripherals1/clk_IBUF_BUFG
    SLICE_X56Y42         FDRE                                         r  Peripherals1/BUFFER_data_reg[3]/C
  -------------------------------------------------------------------    -------------------
    SLICE_X56Y42         FDRE (Prop_fdre_C_Q)         0.164     1.770 r  Peripherals1/BUFFER_data_reg[3]/Q
                         net (fo=1, routed)           0.232     2.002    RS5_FPGA_Platform/Peripherals/FIFO_BUFFER_UART/<hidden>/<hidden>/<hidden>/<hidden>/<hidden>/<hidden>/<hidden>
    SLICE_X56Y50         RAMD64E                                      r  RS5_FPGA_Platform/Peripherals/FIFO_BUFFER_UART/<hidden>/<hidden>/<hidden>/<hidden>/<hidden>/<hidden>/<hidden>
  -------------------------------------------------------------------    -------------------

                         (clock sys_clk_pin rise edge)
                                                      0.000     0.000 r  
    E3                                                0.000     0.000 r  clk (IN)
                         net (fo=0)                   0.000     0.000    clk
    E3                   IBUF (Prop_ibuf_I_O)         0.438     0.438 r  clk_IBUF_inst/O
                         net (fo=1, routed)           0.699     1.136    clk_IBUF
    BUFGCTRL_X0Y17       BUFG (Prop_bufg_I_O)         0.029     1.165 r  clk_IBUF_BUFG_inst_replica/O
                         net (fo=5, routed)           0.033     1.198    clk_IBUF_BUFG_repN
    BUFGCTRL_X0Y16       BUFG (Prop_bufg_I_O)         0.029     1.227 r  clk_IBUF_BUFG_inst/O
                         net (fo=2184, routed)        0.836     2.063    RS5_FPGA_Platform/Peripherals/FIFO_BUFFER_UART/<hidden>/<hidden>/<hidden>/<hidden>/<hidden>/<hidden>/<hidden>
    SLICE_X56Y50         RAMD64E                                      r  RS5_FPGA_Platform/Peripherals/FIFO_BUFFER_UART/<hidden>/<hidden>/<hidden>/<hidden>/<hidden>/<hidden>/<hidden>
                         clock pessimism             -0.256     1.806    
    SLICE_X56Y50         RAMD64E (Hold_ramd64e_CLK_I)
                                                      0.147     1.953    RS5_FPGA_Platform/Peripherals/FIFO_BUFFER_UART/<hidden>/<hidden>/<hidden>/<hidden>/<hidden>/<hidden>/<hidden>
  -------------------------------------------------------------------
                         required time                         -1.953    
                         arrival time                           2.002    
  -------------------------------------------------------------------
                         slack                                  0.049    





Pulse Width Checks
--------------------------------------------------------------------------------------
Clock Name:         sys_clk_pin
Waveform(ns):       { 0.000 5.000 }
Period(ns):         10.000
Sources:            { clk }

Check Type        Corner  Lib Pin             Reference Pin  Required(ns)  Actual(ns)  Slack(ns)  Location      Pin
Min Period        n/a     RAMB36E1/CLKARDCLK  n/a            2.576         10.000      7.424      RAMB36_X1Y0   RAM/U0/inst_blk_mem_gen/gnbram.gnative_mem_map_bmg.native_mem_map_blk_mem_gen/valid.cstr/ramloop[0].ram.r/prim_init.ram/DEVICE_7SERIES.WITH_BMM_INFO.TRUE_DP.SIMPLE_PRIM36.ram/CLKARDCLK
Low Pulse Width   Slow    RAMD64E/CLK         n/a            1.250         5.000       3.750      SLICE_X56Y51  RS5_FPGA_Platform/Peripherals/FIFO_BUFFER_UART/<hidden>/<hidden>/<hidden>/<hidden>/<hidden>/<hidden>/<hidden>
High Pulse Width  Slow    RAMD64E/CLK         n/a            1.250         5.000       3.750      SLICE_X56Y51  RS5_FPGA_Platform/Peripherals/FIFO_BUFFER_UART/<hidden>/<hidden>/<hidden>/<hidden>/<hidden>/<hidden>/<hidden>



